******************************************************************************
                  TI ARM Linker PC v18.12.2                    
******************************************************************************
>> Linked Wed Nov 30 19:18:23 2022

OUTPUT FILE NAME:   <sensortag_cc2650stk_app.out>
ENTRY POINT SYMBOL: "ResetISR"  address: 0000aac1


MEMORY CONFIGURATION

         name            origin    length      used     unused   attr    fill
----------------------  --------  ---------  --------  --------  ----  --------
  IMAGE_HEADER          00001000   00000010  00000010  00000000  R  X
  FLASH                 00001010   00010010  0000dfb8  00002058  R  X
  SRAM                  20000000   00004400  00003412  00000fee  RW X


SEGMENT ALLOCATION MAP

run origin  load origin   length   init length attrs members
----------  ----------- ---------- ----------- ----- -------
00001000    00001000    0000dfc8   0000dfc8    r-x
  00001000    00001000    00000010   00000010    r-- .imgHdr
  00001010    00001010    0000003c   0000003c    r-- .resetVecs
  0000104c    0000104c    0000cdc0   0000cdc0    r-x .text
  0000de0c    0000de0c    00000b84   00000b84    r-- .const
  0000e990    0000e990    00000638   00000638    r-- .cinit
20000430    20000430    00000010   00000000    rw-
  20000430    20000430    00000010   00000000    rw- .TI.bound:dmaSpi0RxControlTableEntry$21
20000440    20000440    00000010   00000000    rw-
  20000440    20000440    00000010   00000000    rw- .TI.bound:dmaSpi0TxControlTableEntry$21
20000500    20000500    00000010   00000000    rw-
  20000500    20000500    00000010   00000000    rw- .TI.bound:dmaSpi1RxControlTableEntry$21
20000510    20000510    0000311a   00000000    rw-
  20000510    20000510    00000010   00000000    rw- .TI.bound:dmaSpi1TxControlTableEntry$21
  20000520    20000520    00002218   00000000    rw- .data
  20002738    20002738    00000ef2   00000000    rw- .bss
20004200    20004200    00000200   00000000    rw-
  20004200    20004200    00000200   00000000    rw- .stack


SECTION ALLOCATION MAP

 output                                  attributes/
section   page    origin      length       input sections
--------  ----  ----------  ----------   ----------------
.imgHdr    0    00001000    00000010     
                  00001000    00000010     oad_target_external_flash.obj (.imgHdr:retain)

.text      0    0000104c    0000cdc0     
                  0000104c    00001ad4     sensortag.obj (.text:SensorTag_taskFxn$0)
                  00002b20    000005bc     peripheral.obj (.text:gapRole_taskFxn$50)
                  000030dc    0000044c     driverlib.lib : setup.obj (.text:TrimAfterColdResetWakeupFromShutDown$77)
                  00003528    00000280     RFCC26XX_singleMode.obj (.text:fsmActiveState$19)
                  000037a8    00000248     peripheral.obj (.text:GAPRole_SetParameter)
                  000039f0    00000228     drivers_cc26xxware.aem3 : PowerCC26XX.oem3 (.text:Power_sleep)
                  00003c18    00000214     driverlib.lib : sys_ctrl.obj (.text:NOROM_SysCtrlSetRechargeBeforePowerDown)
                  00003e2c    0000020c     sensortag_bar.obj (.text:sensorTaskFxn$1)
                  00004038    000001d0     drivers_cc26xxware.aem3 : PowerCC26XX_calibrateRCOSC.oem3 (.text:calibrateRcoscHf1)
                  00004208    000001c8     PINCC26XX.obj (.text:PIN_init)
                  000043d0    000001bc     RFCC26XX_singleMode.obj (.text:fsmSetupState$19)
                  0000458c    000001b4     SPICC26XXDMA.obj (.text:SPICC26XXDMA_transfer)
                  00004740    000001ac     oad.obj (.text:OAD_imgBlockWrite)
                  000048ec    000001a8     RFCC26XX_singleMode.obj (.text:RF_postCmd)
                  00004a94    00000184     drivers_cc26xxware.aem3 : PowerCC26XX_calibrateRCOSC.oem3 (.text:PowerCC26XX_doCalibrate)
                  00004c18    0000017c     RFCC26XX_singleMode.obj (.text:abortCmd$19)
                  00004d94    00000158     SPICC26XXDMA.obj (.text:SPICC26XXDMA_initIO$21)
                  00004eec    00000150     I2CCC26XX.obj (.text:I2CCC26XX_open)
                  0000503c    00000148     driverlib.lib : setup.obj (.text:NOROM_SetupTrimDevice)
                  00005184    00000148     SPICC26XXDMA.obj (.text:SPICC26XXDMA_open)
                  000052cc    00000120     peripheral.obj (.text:GAPRole_GetParameter)
                  000053ec    0000011c     drivers_cc26xxware.aem3 : PowerCC26XX.oem3 (.text:Power_init)
                  00005508    00000108     RFCC26XX_singleMode.obj (.text:hwiFxnCpe0Active$19)
                  00005610    00000102     icall.obj (.text:ICall_primWaitMatch$24)
                  00005712    00000002     ble_user_config.obj (.text:DefaultAssertCback)
                  00005714    00000100     I2CCC26XX.obj (.text:I2CCC26XX_hwiFxn$17)
                  00005814    00000100     sensortag_factoryreset.obj (.text:SensorTagFactoryReset_hasImage)
                  00005914    000000fc     sensortag_tmp.obj (.text:sensorTaskFxn$13)
                  00005a10    000000f8     RFCC26XX_singleMode.obj (.text:fsmPowerUpState$19)
                  00005b08    000000f8     RFCC26XX_singleMode.obj (.text:radioOpDoneCb$19)
                  00005c00    000000f8     sysbios.aem3 : BIOS.obj (.text:xdc_runtime_Startup_startMods__I)
                  00005cf8    000000f0     SPICC26XXDMA.obj (.text:SPICC26XXDMA_transferCancel)
                  00005de8    000000ec     RFCC26XX_singleMode.obj (.text:rf_init$19)
                  00005ed4    000000e8     registerservice.obj (.text:sensor_WriteAttrCB$51)
                  00005fbc    000000e4     sensortag_hum.obj (.text:sensorTaskFxn$6)
                  000060a0    000000dc     PINCC26XX.obj (.text:PINCC26XX_setIoCfg$18)
                  0000617c    000000d8     SPICC26XXDMA.obj (.text:SPICC26XXDMA_control)
                  00006254    000000d8     main.obj (.text:main)
                  0000632c    000000d4     power_cc26xx_tirtos.aem3 : PowerCC26XX_tirtos.oem3 (.text:PowerCC26XX_standbyPolicy)
                  00006400    000000d4     drivers_cc26xxware.aem3 : PowerCC26XX.oem3 (.text:Power_releaseDependency)
                  000064d4    000000d0                             : PowerCC26XX.oem3 (.text:Power_setDependency)
                  000065a4    000000d0     RFCC26XX_singleMode.obj (.text:RF_open)
                  00006674    000000d0     SensorMpu9250.obj (.text:SensorMpu9250_enable)
                  00006744    000000d0     SensorMpu9250.obj (.text:SensorMpu9250_reset)
                  00006814    000000cc     sysbios.aem3 : BIOS.obj (.text:ti_sysbios_knl_Semaphore_pend__E)
                  000068e0    000000c8     RFCC26XX_singleMode.obj (.text:fsmPowerDownState$19)
                  000069a8    000000c8     sysbios.aem3 : m3_Hwi_asm.obj (.text:ti_sysbios_family_arm_m3_Hwi_dispatch__I)
                  00006a70    000000c4     ExtFlash.obj (.text:ExtFlash_open)
                  00006b34    000000c4     barometerservice.obj (.text:sensor_WriteAttrCB$37)
                  00006bf8    000000c4     humidityservice.obj (.text:sensor_WriteAttrCB$43)
                  00006cbc    000000c4     irtempservice.obj (.text:sensor_WriteAttrCB$45)
                  00006d80    000000c4     movementservice.obj (.text:sensor_WriteAttrCB$46)
                  00006e44    000000c4     opticservice.obj (.text:sensor_WriteAttrCB$49)
                  00006f08    000000c4     sysbios.aem3 : BIOS.obj (.text:ti_sysbios_knl_Task_Instance_init__E)
                  00006fcc    000000c0     I2CCC26XX.obj (.text:I2CCC26XX_transfer)
                  0000708c    000000c0     ioservice.obj (.text:io_WriteAttrCB$44)
                  0000714c    000000b8     devinfoservice.obj (.text:DevInfo_SetParameter)
                  00007204    000000b4     sensortag_mov.obj (.text:appStateSet$9)
                  000072b8    000000b4     devinfoservice.obj (.text:devInfo_ReadAttrCB$40)
                  0000736c    000000a8     oad.obj (.text:oadWriteAttrCB$47)
                  00007414    000000a4     ccservice.obj (.text:ccService_WriteAttrCB$39)
                  000074b8    000000a0     SPICC26XXDMA.obj (.text:SPICC26XXDMA_hwiFxn$21)
                  00007558    000000a0     TRNGCC26XX.obj (.text:TRNGCC26XX_getNumber)
                  000075f8    000000a0     auto_init.aem3 : auto_init.oem3 (.text)
                  00007698    000000a0     sysbios.aem3 : BIOS.obj (.text:ti_sysbios_knl_Task_setPri__E)
                  00007738    0000009c     sensortag_keys.obj (.text:SensorTagKeys_clockHandler$8)
                  000077d4    0000009c     rtsv7M3_T_le_eabi.lib : memcpy_t2.asm.obj (.text)
                  00007870    00000098     gattservapp_util.obj (.text:GATTServApp_ProcessCharCfg)
                  00007908    00000098     PINCC26XX.obj (.text:PIN_open)
                  000079a0    00000098     sysbios.aem3 : BIOS.obj (.text:ti_sysbios_knl_Clock_workFuncDynamic__E)
                  00007a38    00000096     rtsv7M3_T_le_eabi.lib : ull_div_t2.asm.obj (.text)
                  00007ace    00000002     SPICC26XXDMA.obj (.text:SPICC26XXDMA_serviceISR$21)
                  00007ad0    00000094     icall.obj (.text:ICall_primSetTimer$24)
                  00007b64    00000094     sysbios.aem3 : BIOS.obj (.text:ti_sysbios_family_arm_m3_Hwi_Instance_init__E)
                  00007bf8    00000092     SPICC26XXDMA.obj (.text:SPICC26XXDMA_close)
                  00007c8a    00000002     rtsv7M3_T_le_eabi.lib : _lock.c.obj (.text:_nop)
                  00007c8c    00000090     drivers_cc26xxware.aem3 : PowerCC26XX.oem3 (.text:switchXOSCHFclockFunc)
                  00007d1c    0000008c     I2CCC26XX.obj (.text:I2CCC26XX_cancel)
                  00007da8    0000008c     I2CCC26XX.obj (.text:I2CCC26XX_primeTransfer$17)
                  00007e34    0000008c     sensortag_register.obj (.text:SensorTagRegister_update)
                  00007ec0    00000088     driverlib.lib : osc.obj (.text:NOROM_OSCHF_GetStartupTime)
                  00007f48    00000088     registerservice.obj (.text:sensor_ReadAttrCB$51)
                  00007fd0    00000084     icall.obj (.text:ICall_heapMalloc)
                  00008054    00000084     sysbios.aem3 : BIOS.obj (.text:ti_sysbios_knl_Task_postInit__I)
                  000080d8    00000080     SensorI2C.obj (.text:SensorI2C_open)
                  00008158    00000080     sysbios.aem3 : BIOS.obj (.text:ti_sysbios_family_arm_m3_Hwi_initNVIC__E)
                  000081d8    00000080                  : BIOS.obj (.text:xdc_runtime_Core_createObject__I)
                  00008258    0000007c     RFCC26XX_singleMode.obj (.text:RF_pendCmd)
                  000082d4    0000007c     drivers_cc26xxware.aem3 : PowerCC26XX.oem3 (.text:disableLFClockQualifiers)
                  00008350    0000007c     peripheral.obj (.text:gapRole_startConnUpdate$50)
                  000083cc    0000007c     RFCC26XX_singleMode.obj (.text:swiFxnHw$19)
                  00008448    0000007a     rtsv7M3_T_le_eabi.lib : memset_t2.asm.obj (.text)
                  000084c2    00000002     RFCC26XX_singleMode.obj (.text:defaultErrCb$19)
                  000084c4    00000078     SPICC26XXDMA.obj (.text:SPICC26XXDMA_csnCallback$21)
                  0000853c    00000078     sensortag.obj (.text:SensorTag_enqueueMsg$0)
                  000085b4    00000078     sysbios.aem3 : BIOS.obj (.text:ti_sysbios_knl_Clock_walkQueueDynamic__E)
                  0000862c    00000076     gattservapp_util.obj (.text:gattServApp_SendNotiInd$42)
                  000086a2    00000002     drivers_cc26xxware.aem3 : PowerCC26XX.oem3 (.text:emptyClockFunc)
                  000086a4    00000074     icall_cc2650.obj (.text:ICallPlatform_pwrUpdActivityCounter)
                  00008718    00000074     icall.obj (.text:ICall_primSend$24)
                  0000878c    00000074     drivers_cc26xxware.aem3 : PowerCC26XX_calibrateRCOSC.oem3 (.text:PowerCC26XX_auxISR)
                  00008800    00000074     sensortag.obj (.text:SensorTag_callback$0)
                  00008874    00000074     drivers_cc26xxware.aem3 : PowerCC26XX_calibrateRCOSC.oem3 (.text:calibrateRcoscHf2)
                  000088e8    00000074     sysbios.aem3 : BIOS.obj (.text:ti_sysbios_family_arm_cc26xx_Timer_start__E)
                  0000895c    00000072     ExtFlash.obj (.text:ExtFlash_write)
                  000089ce    00000002     rtsv7M3_T_le_eabi.lib : div0.asm.obj (.text)
                  000089d0    00000070     SensorI2C.obj (.text:SensorI2C_select)
                  00008a40    00000070     sensortag_register.obj (.text:SensorTagRegister_reset)
                  00008ab0    00000070     battservice.obj (.text:battNotifyLevel$38)
                  00008b20    00000070     sysbios.aem3 : BIOS.obj (.text:ti_sysbios_knl_Task_sleep__E)
                  00008b90    0000006c     icall.obj (.text:ICall_createRemoteTasks)
                  00008bfc    0000006c     drivers_cc26xxware.aem3 : PowerCC26XX.oem3 (.text:PowerCC26XX_calibrate)
                  00008c68    0000006c     UDMACC26XX.obj (.text:UDMACC26XX_open)
                  00008cd4    0000006c     movementservice.obj (.text:sensor_ReadAttrCB$46)
                  00008d40    0000006c     sysbios.aem3 : BIOS.obj (.text:xdc_runtime_Memory_alloc__E)
                  00008dac    00000068     driverlib.lib : sys_ctrl.obj (.text:NOROM_SysCtrl_DCDC_VoltageConditionalControl)
                  00008e14    00000068     RFCC26XX_singleMode.obj (.text:decActiveClientCnt$19)
                  00008e7c    00000068     rtsv7M3_T_le_eabi.lib : copy_decompress_lzss.c.obj (.text:decompress:lzss:__TI_decompress_lzss)
                  00008ee4    00000068     sysbios.aem3 : BIOS.obj (.text:ti_sysbios_knl_Clock_startI__E)
                  00008f4c    00000068                  : BIOS.obj (.text:ti_sysbios_knl_Swi_restoreHwi__E)
                  00008fb4    00000064     I2CCC26XX.obj (.text:I2CCC26XX_close)
                  00009018    00000064     PINCC26XX.obj (.text:PIN_add)
                  0000907c    00000064     sensortag_oad.obj (.text:SensorTag_processOadWriteCB$10)
                  000090e0    00000064     sysbios.aem3 : BIOS.obj (.text:ti_sysbios_knl_Semaphore_post__E)
                  00009144    00000062     barometerservice.obj (.text:sensor_ReadAttrCB$37)
                  000091a6    00000060     gattservapp_util.obj (.text:GATTServApp_ProcessCCCWriteReq)
                  00009206    00000002     sysbios.aem3 : BIOS.obj (.text:ti_sysbios_BIOS_linkedWithIncorrectBootLibrary__E)
                  00009208    00000060     icall.obj (.text:ICall_primEnroll$24)
                  00009268    00000060     oad.obj (.text:OAD_sendStatus$47)
                  000092c8    00000060     drivers_cc26xxware.aem3 : PowerCC26XX_calibrateRCOSC.oem3 (.text:PowerCC26XX_RCOSC_clockFunc)
                  00009328    00000060                             : PowerCC26XX_calibrateRCOSC.oem3 (.text:updateSubSecInc)
                  00009388    0000005c     ExtFlash.obj (.text:ExtFlash_erase)
                  000093e4    0000005c     ExtFlash.obj (.text:ExtFlash_waitReady$28)
                  00009440    0000005c     icall.obj (.text:ICall_primThreadServes$24)
                  0000949c    0000005c     driverlib.lib : osc.obj (.text:NOROM_OSCHF_AttemptToSwitchToXosc)
                  000094f8    0000005c                   : sys_ctrl.obj (.text:NOROM_SysCtrlAdjustRechargeAfterPowerDown)
                  00009554    0000005c     oad.obj (.text:OAD_getNextBlockReq$47)
                  000095b0    0000005c     SensorMpu9250.obj (.text:SensorMpu9250_test)
                  0000960c    0000005c     RFCC26XX_singleMode.obj (.text:fsmXOSCState$19)
                  00009668    0000005c     sysbios.aem3 : BIOS.obj (.text:ti_sysbios_knl_Task_Module_startup__E)
                  000096c4    0000005c                  : BIOS.obj (.text:ti_sysbios_knl_Task_startCore__E)
                  00009720    0000005a     humidityservice.obj (.text:sensor_ReadAttrCB$43)
                  0000977a    0000005a     irtempservice.obj (.text:sensor_ReadAttrCB$45)
                  000097d4    0000005a     opticservice.obj (.text:sensor_ReadAttrCB$49)
                  0000982e    00000002     app_ble_pem3.oem3 (.text:ti_sysbios_BIOS_nullFunc__I)
                  00009830    00000058     movementservice.obj (.text:Movement_setParameter)
                  00009888    00000058     PINCC26XX.obj (.text:PIN_remove)
                  000098e0    00000058     drivers_cc26xxware.aem3 : PowerCC26XX_calibrateRCOSC.oem3 (.text:PowerCC26XX_initiateCalibration)
                  00009938    00000058     SPICC26XXDMA.obj (.text:SPICC26XXDMA_initHw$21)
                  00009990    00000058     battservice.obj (.text:battReadAttrCB$38)
                  000099e8    00000058     sensortag_keys.obj (.text:processGapStateChange$8)
                  00009a40    00000058     sysbios.aem3 : BIOS.obj (.text:ti_sysbios_family_arm_m3_Hwi_postInit__I)
                  00009a98    00000058                  : BIOS.obj (.text:ti_sysbios_knl_Swi_Instance_init__E)
                  00009af0    00000058                  : BIOS.obj (.text:ti_sysbios_knl_Swi_run__I)
                  00009b48    00000054     barometerservice.obj (.text:Barometer_setParameter)
                  00009b9c    00000054     ExtFlash.obj (.text:ExtFlash_close)
                  00009bf0    00000054     I2CCC26XX.obj (.text:I2CCC26XX_swiFxn$17)
                  00009c44    00000054     icall.obj (.text:ICall_primFetchMsg$24)
                  00009c98    00000054     RFCC26XX_singleMode.obj (.text:RF_getCurrentTime)
                  00009cec    00000054     util.obj (.text:Util_rescheduleClock)
                  00009d40    00000054     drivers_cc26xxware.aem3 : PowerCC26XX.oem3 (.text:configureXOSCHF)
                  00009d94    00000054     RFCC26XX_singleMode.obj (.text:hwiFxnHw$19)
                  00009de8    00000054     RFCC26XX_singleMode.obj (.text:ratChanFree$19)
                  00009e3c    00000054     sysbios.aem3 : BIOS.obj (.text:ti_sysbios_family_arm_m3_Hwi_dispatchC__I)
                  00009e90    00000054                  : BIOS.obj (.text:ti_sysbios_knl_Swi_schedule__I)
                  00009ee4    00000052     icall.obj (.text:ICall_primWait$24)
                  00009f36    00000052     SPICC26XXDMA.obj (.text:SPICC26XXDMA_swiFxn$21)
                  00009f88    00000050     ExtFlash.obj (.text:ExtFlash_read)
                  00009fd8    00000050     icall_api.obj (.text:GAP_UpdateAdvertisingData)
                  0000a028    00000050     humidityservice.obj (.text:Humidity_setParameter)
                  0000a078    00000050     icall.obj (.text:ICall_primRegisterApp$24)
                  0000a0c8    00000050     irtempservice.obj (.text:IRTemp_setParameter)
                  0000a118    00000050     opticservice.obj (.text:Optic_setParameter)
                  0000a168    00000050     RFCC26XX_singleMode.obj (.text:RF_getInfo)
                  0000a1b8    00000050     sensortag_bar.obj (.text:SensorTagBar_reset)
                  0000a208    00000050     sensortag_buzzer.obj (.text:SensorTagBuzzer_setFrequency)
                  0000a258    00000050     sysbios.aem3 : BIOS.obj (.text:ti_sysbios_knl_Swi_runLoop__I)
                  0000a2a8    00000050                  : BIOS.obj (.text:xdc_runtime_Startup_exec__E)
                  0000a2f8    0000004e     SensorOpt3001.obj (.text:SensorOpt3001_test)
                  0000a346    0000004e     ccservice.obj (.text:ccService_ReadAttrCB$39)
                  0000a394    0000004e     ioservice.obj (.text:io_ReadAttrCB$44)
                  0000a3e2    00000002     sysbios.aem3 : BIOS.obj (.text:ti_sysbios_gates_GateHwi_Instance_init__E)
                  0000a3e4    0000004c     I2CCC26XX.obj (.text:I2CCC26XX_initHw$17)
                  0000a430    0000004c     icall.obj (.text:ICall_newTask$24)
                  0000a47c    0000004c     icall.obj (.text:ICall_primGetEntityId$24)
                  0000a4c8    0000004c     driverlib.lib : osc.obj (.text:NOROM_OSCClockSourceSet)
                  0000a514    0000004c     util.obj (.text:Util_constructClock)
                  0000a560    0000004c     battservice.obj (.text:battWriteAttrCB$38)
                  0000a5ac    0000004c     rtsv7M3_T_le_eabi.lib : cpy_tbl.c.obj (.text:copy_in)
                  0000a5f8    0000004c     sysbios.aem3 : m3_TaskSupport_asm.obj (.text:ti_sysbios_family_arm_m3_TaskSupport_buildTaskStack)
                  0000a644    0000004c                  : BIOS.obj (.text:ti_sysbios_knl_Task_schedule__I)
                  0000a690    0000004a     RFCC26XX_singleMode.obj (.text:syncCb$19)
                  0000a6da    00000002     sysbios.aem3 : BIOS.obj (.text:ti_sysbios_knl_Clock_logTick__E)
                  0000a6dc    00000048     peripheral.obj (.text:GAPRole_TerminateConnection)
                  0000a724    00000048     driverlib.lib : chipinfo.obj (.text:NOROM_ChipInfo_GetChipFamily)
                  0000a76c    00000048                   : ddi.obj (.text:NOROM_DDI16BitfieldWrite)
                  0000a7b4    00000048     sensortag_io.obj (.text:SensorTagIO_reset)
                  0000a7fc    00000048     icall_api.obj (.text:gattIndNoti$27)
                  0000a844    00000048     drivers_cc26xxware.aem3 : PowerCC26XX.oem3 (.text:notify)
                  0000a88c    00000048     sysbios.aem3 : BIOS.obj (.text:ti_sysbios_family_arm_m3_Hwi_Module_startup__E)
                  0000a8d4    00000048                  : m3_Hwi_asm_switch.obj (.text:ti_sysbios_family_arm_m3_Hwi_initStacks__E)
                  0000a91c    00000048     app_ble_pem3.oem3 (.text:ti_sysbios_hal_Hwi_create)
                  0000a964    00000048     sysbios.aem3 : BIOS.obj (.text:xdc_runtime_Core_assignParams__I)
                  0000a9ac    00000048                  : BIOS.obj (.text:xdc_runtime_Core_constructObject__I)
                  0000a9f4    00000044     PINCC26XX.obj (.text:PIN_swi$18)
                  0000aa38    00000044     SensorMpu9250.obj (.text:SensorMpu9250_accSetRange)
                  0000aa7c    00000044     sensortag_io.obj (.text:SensorTagIO_blinkLed)
                  0000aac0    00000044     boot.aem3 : boot.oem3 (.text)
                  0000ab04    00000044     icall_api.obj (.text:gapSendParamAndPtrCmd$27)
                  0000ab48    00000044     SensorMpu9250.obj (.text:sensorMpu9250SetBypass$32)
                  0000ab8c    00000044     app_ble_pem3.oem3 (.text:ti_sysbios_family_arm_m3_Hwi_Object__create__S)
                  0000abd0    00000044     sysbios.aem3 : BIOS.obj (.text:ti_sysbios_family_arm_m3_Hwi_disableInterrupt__E)
                  0000ac14    00000044                  : BIOS.obj (.text:ti_sysbios_family_arm_m3_Hwi_enableInterrupt__E)
                  0000ac58    00000044                  : BIOS.obj (.text:ti_sysbios_knl_Swi_post__E)
                  0000ac9c    00000044                  : BIOS.obj (.text:ti_sysbios_knl_Task_allBlockedFunction__I)
                  0000ace0    00000044     app_ble_pem3.oem3 (.text:ti_sysbios_knl_Task_create)
                  0000ad24    00000042     icall.obj (.text:ICall_primCreateTask$24)
                  0000ad66    00000002     sysbios.aem3 : BIOS.obj (.text:ti_sysbios_knl_Clock_triggerFunc__I)
                  0000ad68    00000040     ExtFlash.obj (.text:ExtFlash_readInfo$28)
                  0000ada8    00000040     peripheral.obj (.text:GAPRole_createTask)
                  0000ade8    00000040     driverlib.lib : ddi.obj (.text:NOROM_DDI16BitfieldRead)
                  0000ae28    00000040     RFCC26XX_singleMode.obj (.text:RF_getRssi)
                  0000ae68    00000040     simplekeys.obj (.text:SK_readAttrCB$52)
                  0000aea8    00000040     SensorI2C.obj (.text:SensorI2C_read)
                  0000aee8    00000040     SensorTmp007.obj (.text:SensorTmp007_enable)
                  0000af28    00000040     SensorMpu9250.obj (.text:sensorMpuSleep$32)
                  0000af68    00000040     sysbios.aem3 : BIOS.obj (.text:ti_sysbios_family_arm_m3_Hwi_getStackInfo__E)
                  0000afa8    00000040                  : BIOS.obj (.text:xdc_runtime_HeapMin_alloc__E)
                  0000afe8    0000003c     icall_api.obj (.text:GAP_GetParamValue)
                  0000b024    0000003c     icall_api.obj (.text:GATTServApp_RegisterService)
                  0000b060    0000003c     icall_cc2650.obj (.text:ICallPlatform_pwrConfigACAction)
                  0000b09c    0000003c     icall.obj (.text:ICall_primFetchServiceMsg$24)
                  0000b0d8    0000003c     icall.obj (.text:ICall_primGetMaxMSecs$24)
                  0000b114    0000003c     driverlib.lib : osc.obj (.text:NOROM_OSC_HPOSCRelativeFrequencyOffsetGet)
                  0000b150    0000003c     registerservice.obj (.text:Register_setParameter)
                  0000b18c    0000003c     SensorI2C.obj (.text:SensorI2C_writeRead)
                  0000b1c8    0000003c     sensortag_bar.obj (.text:SensorTagBar_createTask)
                  0000b204    0000003c     sensortag_buzzer.obj (.text:SensorTagBuzzer_open)
                  0000b240    0000003c     sensortag_hum.obj (.text:SensorTagHum_createTask)
                  0000b27c    0000003c     sensortag_tmp.obj (.text:SensorTagTmp_createTask)
                  0000b2b8    0000003c     sensortag.obj (.text:SensorTag_createTask)
                  0000b2f4    0000003c     RFCC26XX_singleMode.obj (.text:dispatchOpWhen$19)
                  0000b330    0000003c     oad.obj (.text:oadReadAttrCB$47)
                  0000b36c    0000003c     RFCC26XX_singleMode.obj (.text:postDirImmCmd$19)
                  0000b3a8    0000003c     icall_api.obj (.text:profileSetParameter$27)
                  0000b3e4    0000003c     icall_api.obj (.text:sendWaitMatchCS$27)
                  0000b420    0000003c     icall_api.obj (.text:sendWaitMatchValueCS$27)
                  0000b45c    0000003c     app_ble_pem3.oem3 (.text:ti_sysbios_family_arm_m3_Hwi_construct)
                  0000b498    0000003a     sysbios.aem3 : BIOS.obj (.text:ti_sysbios_knl_Task_exit__E)
                  0000b4d2    00000002                  : BIOS.obj (.text:ti_sysbios_knl_Swi_Instance_finalize__E)
                  0000b4d4    00000038     SensorI2C.obj (.text:SensorI2C_write)
                  0000b50c    00000038     sensortag_opt.obj (.text:SensorTagOpt_reset)
                  0000b544    00000038     util.obj (.text:Util_restartClock)
                  0000b57c    00000038     sysbios.aem3 : BIOS.obj (.text:ti_sysbios_family_arm_cc26xx_Timer_getCurrentTick__E)
                  0000b5b4    00000038                  : BIOS.obj (.text:ti_sysbios_family_arm_m3_Hwi_Instance_finalize__E)
                  0000b5ec    00000038                  : BIOS.obj (.text:ti_sysbios_knl_Clock_Instance_init__E)
                  0000b624    00000038     app_ble_pem3.oem3 (.text:ti_sysbios_knl_Clock_create)
                  0000b65c    00000038     app_ble_pem3.oem3 (.text:ti_sysbios_knl_Swi_construct)
                  0000b694    00000038     app_ble_pem3.oem3 (.text:ti_sysbios_knl_Task_construct)
                  0000b6cc    00000038     sysbios.aem3 : BIOS.obj (.text:xdc_runtime_System_atexit__E)
                  0000b704    00000036     icall_api.obj (.text:waitMatchCS$27)
                  0000b73a    00000002     sysbios.aem3 : BIOS.obj (.text:xdc_runtime_Error_policySpin__E)
                  0000b73c    00000034     icall_api.obj (.text:GAPBondMgr_SetParameter)
                  0000b770    00000034     peripheral.obj (.text:GAPRole_SendUpdateParam)
                  0000b7a4    00000034     icall_api.obj (.text:GAP_SetParamValue)
                  0000b7d8    00000034     icall.obj (.text:ICall_primEntityId2ServiceId$24)
                  0000b80c    00000034     icall.obj (.text:ICall_primRegisterISR$24)
                  0000b840    00000034     icall.obj (.text:ICall_primRegisterISR_Ext$24)
                  0000b874    00000034     icall.obj (.text:ICall_searchServiceEntity)
                  0000b8a8    00000034     ioservice.obj (.text:Io_setParameter)
                  0000b8dc    00000034     movementservice.obj (.text:Movement_getParameter)
                  0000b910    00000034     driverlib.lib : ddi.obj (.text:NOROM_DDI32RegWrite)
                  0000b944    00000034                   : osc.obj (.text:NOROM_OSCHF_SwitchToRcOscTurnOffXosc)
                  0000b978    00000034     PINCC26XX.obj (.text:PIN_setOutputValue)
                  0000b9ac    00000034     drivers_cc26xxware.aem3 : PowerCC26XX.oem3 (.text:PowerCC26XX_isStableXOSC_HF)
                  0000b9e0    00000034     RFCC26XX_singleMode.obj (.text:Q_push$19)
                  0000ba14    00000034     RFCC26XX_singleMode.obj (.text:RF_runCmd)
                  0000ba48    00000034     registerservice.obj (.text:Register_getParameter)
                  0000ba7c    00000034     icall_api.obj (.text:osal_snv_read)
                  0000bab0    00000034     icall_api.obj (.text:osal_snv_write)
                  0000bae4    00000034     icall_api.obj (.text:profileAddService$27)
                  0000bb18    00000034     sysbios.aem3 : BIOS.obj (.text:ti_sysbios_family_arm_cc26xx_Timer_initDevice__I)
                  0000bb4c    00000034     app_ble_pem3.oem3 (.text:ti_sysbios_knl_Clock_construct)
                  0000bb80    00000034     app_ble_pem3.oem3 (.text:ti_sysbios_knl_Semaphore_create)
                  0000bbb4    00000034     sysbios.aem3 : BIOS.obj (.text:ti_sysbios_knl_Swi_restore__E)
                  0000bbe8    00000034                  : BIOS.obj (.text:ti_sysbios_knl_Task_blockI__E)
                  0000bc1c    00000032     icall_api.obj (.text:gapSendParamsCmd$27)
                  0000bc4e    00000032     icall_api.obj (.text:gapSendPtrParamsCmd$27)
                  0000bc80    00000032     icall_api.obj (.text:matchGapSetGetParamCS$27)
                  0000bcb2    00000032     icall_api.obj (.text:matchGattCmdStatus$27)
                  0000bce4    00000032     icall_api.obj (.text:matchUtilNvCS$27)
                  0000bd16    00000032     sysbios.aem3 : BIOS.obj (.text:ti_sysbios_family_arm_cc26xx_Timer_setNextTick__E)
                  0000bd48    00000030     icall_cc2650.obj (.text:ICallPlatform_pwrNotify$25)
                  0000bd78    00000030     icall_cc2650.obj (.text:ICallPlatform_pwrRegisterNotify)
                  0000bda8    00000030     icall.obj (.text:ICall_dispatch$24)
                  0000bdd8    00000030     icall.obj (.text:ICall_msecs2Ticks$24)
                  0000be08    00000030     icall.obj (.text:ICall_searchTask$24)
                  0000be38    00000030     driverlib.lib : setup_rom.obj (.text:NOROM_SetupSetAonRtcSubSecInc)
                  0000be68    00000030                   : trng.obj (.text:NOROM_TRNGConfigure)
                  0000be98    00000030     PINCC26XX.obj (.text:PIN_setInterrupt)
                  0000bec8    00000030     drivers_cc26xxware.aem3 : PowerCC26XX.oem3 (.text:Power_releaseConstraint)
                  0000bef8    00000030                             : PowerCC26XX.oem3 (.text:Power_setConstraint)
                  0000bf28    00000030     ExtFlash.obj (.text:Spi_read$28)
                  0000bf58    00000030     ExtFlash.obj (.text:Spi_write$28)
                  0000bf88    00000030     oad.obj (.text:crc16$47)
                  0000bfb8    00000030     sensortag_factoryreset.obj (.text:crc16$5)
                  0000bfe8    00000030     app_ble_pem3.oem3 (.text:ti_sysbios_BIOS_atExitFunc__I)
                  0000c018    00000030     app_ble_pem3.oem3 (.text:ti_sysbios_BIOS_startFunc__I)
                  0000c048    00000030     sysbios.aem3 : BIOS.obj (.text:ti_sysbios_family_arm_cc26xx_Timer_setThreshold__I)
                  0000c078    00000030     app_ble_pem3.oem3 (.text:ti_sysbios_gates_GateHwi_Object__create__S)
                  0000c0a8    00000030     app_ble_pem3.oem3 (.text:ti_sysbios_gates_GateMutex_Object__create__S)
                  0000c0d8    00000030     sysbios.aem3 : BIOS.obj (.text:ti_sysbios_gates_GateMutex_enter__E)
                  0000c108    00000030     app_ble_pem3.oem3 (.text:ti_sysbios_knl_Semaphore_construct)
                  0000c138    00000030     sysbios.aem3 : BIOS.obj (.text:ti_sysbios_knl_Task_processVitalTaskFlag__I)
                  0000c168    00000030     app_ble_pem3.oem3 (.text:xdc_runtime_HeapMin_Object__create__S)
                  0000c198    00000030     sysbios.aem3 : BIOS.obj (.text:xdc_runtime_HeapMin_free__E)
                  0000c1c8    00000030                  : BIOS.obj (.text:xdc_runtime_System_processAtExit__E)
                  0000c1f8    0000002e     icall_cc2650.obj (.text:ICallPlatform_pwrDispenseImpl$25)
                  0000c226    0000002e     icall_cc2650.obj (.text:ICallPlatform_pwrRequireImpl$25)
                  0000c254    0000002e     simplekeys.obj (.text:SK_writeAttrCB$52)
                  0000c282    0000002e     SensorOpt3001.obj (.text:SensorOpt3001_enable)
                  0000c2b0    0000002e     sysbios.aem3 : BIOS.obj (.text:ti_sysbios_family_arm_m3_TaskSupport_start__E)
                  0000c2de    0000002e                  : BIOS.obj (.text:ti_sysbios_hal_Hwi_initStack)
                  0000c30c    0000002c     ExtFlash.obj (.text:ExtFlash_writeEnable$28)
                  0000c338    0000002c     icall.obj (.text:ICall_heapFree)
                  0000c364    0000002c     oad.obj (.text:ICall_malloc$47)
                  0000c390    0000002c     icall.obj (.text:ICall_msgEnqueue$24)
                  0000c3bc    0000002c     icall.obj (.text:ICall_primAllocMsg$24)
                  0000c3e8    0000002c     icall_api.obj (.text:ICall_sendServiceMsg$27)
                  0000c414    0000002c     PINCC26XX.obj (.text:PINCC26XX_setMux)
                  0000c440    0000002c     PINCC26XX.obj (.text:PIN_setConfig)
                  0000c46c    0000002c     SensorI2C.obj (.text:SensorI2C_writeReg)
                  0000c498    0000002c     sensortag_mov.obj (.text:SensorTagMov_reset)
                  0000c4c4    0000002c     RFCC26XX_singleMode.obj (.text:getCmd$19)
                  0000c4f0    0000002c     icall_api.obj (.text:matchProfileAddServiceCS$27)
                  0000c51c    0000002c     sysbios.aem3 : BIOS.obj (.text:ti_sysbios_knl_Clock_getTicksUntilInterrupt__E)
                  0000c548    0000002c     app_ble_pem3.oem3 (.text:ti_sysbios_knl_Queue_construct)
                  0000c574    0000002c     sysbios.aem3 : BIOS.obj (.text:ti_sysbios_knl_Semaphore_pendTimeout__I)
                  0000c5a0    0000002c                  : BIOS.obj (.text:ti_sysbios_knl_Task_unblockI__E)
                  0000c5cc    0000002c     st_util.obj (.text:utilExtractUuid16)
                  0000c5f8    0000002a     icall_api.obj (.text:ICall_waitMatch$27)
                  0000c622    0000002a     icall_api.obj (.text:matchProfileCS$27)
                  0000c64c    00000028     ccservice.obj (.text:CcService_setParameter)
                  0000c674    00000028     driverlib.lib : aon_batmon.obj (.text:NOROM_AONBatMonTemperatureGetDegC)
                  0000c69c    00000028                   : rfc.obj (.text:NOROM_RFCDoorbellSendTo)
                  0000c6c4    00000028     drivers_cc26xxware.aem3 : PowerCC26XX.oem3 (.text:PowerCC26XX_switchXOSC_HF)
                  0000c6ec    00000028                             : PowerCC26XX.oem3 (.text:Power_registerNotify)
                  0000c714    00000028     simplekeys.obj (.text:SK_SetParameter)
                  0000c73c    00000028     SPICC26XXDMA.obj (.text:SPICC26XXDMA_flushFifos$21)
                  0000c764    00000028     driverlib.lib : adi.obj (.text:SafeHapiVoid)
                  0000c78c    00000028     SensorBmp280.obj (.text:SensorBmp280_enable)
                  0000c7b4    00000028     sensortag_batt.obj (.text:SensorTagBatt_reset)
                  0000c7dc    00000028     sensortag_buzzer.obj (.text:SensorTagBuzzer_close)
                  0000c804    00000028     sensortag_conn_ctrl.obj (.text:SensorTagConnControl_paramUpdateCB)
                  0000c82c    00000028     sensortag_tmp.obj (.text:SensorTagTmp_reset)
                  0000c854    00000028     sensortag.obj (.text:SensorTag_resetAllModules$0)
                  0000c87c    00000028     TRNGCC26XX.obj (.text:TRNGCC26XX_init)
                  0000c8a4    00000028     RFCC26XX_singleMode.obj (.text:clkPowerUpFxn$19)
                  0000c8cc    00000028     sysbios.aem3 : BIOS.obj (.text:ti_sysbios_knl_Clock_addI__E)
                  0000c8f4    00000028                  : BIOS.obj (.text:ti_sysbios_knl_Task_restore__E)
                  0000c91c    00000026     drivers_cc26xxware.aem3 : List.oem3 (.text:List_put)
                  0000c942    00000026     sysbios.aem3 : BIOS.obj (.text:ti_sysbios_hal_Hwi_Instance_init__E)
                  0000c968    00000024     barometerservice.obj (.text:Barometer_getParameter)
                  0000c98c    00000024     I2C.obj (.text:I2C_open)
                  0000c9b0    00000024     icall_api.obj (.text:ICall_getLocalMsgEntityId$27)
                  0000c9d4    00000024     sensortag_hum.obj (.text:SensorTagHum_reset)
                  0000c9f8    00000024     drivers_cc26xxware.aem3 : PowerCC26XX_calibrateRCOSC.oem3 (.text:getTdcSemaphore)
                  0000ca1c    00000024     RFCC26XX_singleMode.obj (.text:hwiFxnCpe0PowerFsm$19)
                  0000ca40    00000024     rtsv7M3_T_le_eabi.lib : memcmp.c.obj (.text:memcmp)
                  0000ca64    00000024     app_ble_pem3.oem3 (.text:ti_sysbios_BIOS_registerRTSLock__I)
                  0000ca88    00000024     app_ble_pem3.oem3 (.text:ti_sysbios_BIOS_removeRTSLock__I)
                  0000caac    00000024     sysbios.aem3 : BIOS.obj (.text:ti_sysbios_family_arm_cc26xx_Timer_Module_startup__E)
                  0000cad0    00000024                  : BIOS.obj (.text:ti_sysbios_family_arm_cc26xx_Timer_getMaxTicks__E)
                  0000caf4    00000024                  : BIOS.obj (.text:ti_sysbios_family_arm_cc26xx_Timer_startup__E)
                  0000cb18    00000024                  : BIOS.obj (.text:ti_sysbios_knl_Semaphore_Instance_init__E)
                  0000cb3c    00000024                  : BIOS.obj (.text:ti_sysbios_knl_Swi_Module_startup__E)
                  0000cb60    00000022                  : BIOS.obj (.text:ti_sysbios_family_arm_cc26xx_Timer_postInit__I)
                  0000cb82    00000002                  : BIOS.obj (.text:xdc_runtime_SysCallback_defaultAbort)
                  0000cb84    00000020     gattservapp_util.obj (.text:GATTServApp_InitCharCfg)
                  0000cba4    00000020     humidityservice.obj (.text:Humidity_getParameter)
                  0000cbc4    00000020     icall_api.obj (.text:ICall_allocMsg$27)
                  0000cbe4    00000020     icall_api.obj (.text:ICall_getEntityId$27)
                  0000cc04    00000020     icall.obj (.text:ICall_primService$24)
                  0000cc24    00000020     irtempservice.obj (.text:IRTemp_getParameter)
                  0000cc44    00000020     opticservice.obj (.text:Optic_getParameter)
                  0000cc64    00000020     drivers_cc26xxware.aem3 : PowerCC26XX.oem3 (.text:Power_unregisterNotify)
                  0000cc84    00000020     sensortag_mov.obj (.text:SensorTagMov_processInterrupt$9)
                  0000cca4    00000020     sensortag_opt.obj (.text:SensorTagOpt_clockHandler$11)
                  0000ccc4    00000020     battservice.obj (.text:battMeasure$38)
                  0000cce4    00000020     gattservapp_util.obj (.text:gattServApp_FindCharCfgItem$42)
                  0000cd04    00000020     sensortag_hum.obj (.text:initCharacteristicValue$6)
                  0000cd24    00000020     sensortag_mov.obj (.text:initCharacteristicValue$9)
                  0000cd44    00000020     app_ble_pem3.oem3 (.text:ti_sysbios_BIOS_rtsLock__I)
                  0000cd64    00000020     sysbios.aem3 : BIOS.obj (.text:ti_sysbios_family_arm_cc26xx_Timer_dynamicStub__E)
                  0000cd84    00000020                  : m3_Hwi_asm.obj (.text:ti_sysbios_family_arm_m3_Hwi_excHandlerAsm__I)
                  0000cda4    00000020                  : BIOS.obj (.text:ti_sysbios_family_arm_m3_Hwi_excHandler__I)
                  0000cdc4    00000020                  : BIOS.obj (.text:ti_sysbios_knl_Clock_Module_startup__E)
                  0000cde4    00000020                  : BIOS.obj (.text:ti_sysbios_knl_Clock_getTicks__E)
                  0000ce04    00000020                  : BIOS.obj (.text:ti_sysbios_knl_Clock_stop__E)
                  0000ce24    00000020                  : BIOS.obj (.text:ti_sysbios_knl_Idle_run__E)
                  0000ce44    00000020     app_ble_pem3.oem3 (.text:ti_sysbios_knl_Semaphore_Object__destruct__S)
                  0000ce64    00000020     sysbios.aem3 : BIOS.obj (.text:ti_sysbios_knl_Task_restoreHwi__E)
                  0000ce84    0000001e     icall.obj (.text:ICall_primSendServiceMsg$24)
                  0000cea2    0000001e     PINCC26XX.obj (.text:PIN_close)
                  0000cec0    0000001e     drivers_cc26xxware.aem3 : PowerCC26XX.oem3 (.text:Power_getTransitionLatency)
                  0000cede    0000001e     sysbios.aem3 : m3_Hwi_asm_switch.obj (.text:ti_sysbios_family_xxx_Hwi_switchAndRunFunc)
                  0000cefc    0000001c     icall_api.obj (.text:GATT_bm_alloc)
                  0000cf18    0000001c     icall_api.obj (.text:GATT_bm_free)
                  0000cf34    0000001c     driverlib.lib : osc.obj (.text:NOROM_OSCClockSourceGet)
                  0000cf50    0000001c     PINCC26XX.obj (.text:PINCC26XX_setIoCfgMux$18)
                  0000cf6c    0000001c     PINCC26XX.obj (.text:PIN_hwi$18)
                  0000cf88    0000001c     RFCC26XX_singleMode.obj (.text:RF_runDirectCmd)
                  0000cfa4    0000001c     RFCC26XX_singleMode.obj (.text:RF_runImmediateCmd)
                  0000cfc0    0000001c     TRNGCC26XX.obj (.text:TRNGCC26XX_open)
                  0000cfdc    0000001c     icall_api.obj (.text:getStatusValueFromErrNo$27)
                  0000cff8    0000001c     TRNGCC26XX.obj (.text:openTRNG)
                  0000d014    0000001c     app_ble_pem3.oem3 (.text:ti_sysbios_family_arm_m3_Hwi_Object__destruct__S)
                  0000d030    0000001c     sysbios.aem3 : BIOS.obj (.text:ti_sysbios_family_arm_m3_Hwi_setPriority__E)
                  0000d04c    0000001c                  : BIOS.obj (.text:ti_sysbios_gates_GateMutex_Instance_init__E)
                  0000d068    0000001c     app_ble_pem3.oem3 (.text:ti_sysbios_hal_Hwi_HwiProxy_create)
                  0000d084    0000001c     sysbios.aem3 : BIOS.obj (.text:ti_sysbios_knl_Clock_scheduleNextTick__E)
                  0000d0a0    0000001c     app_ble_pem3.oem3 (.text:ti_sysbios_knl_Queue_Object__destruct__S)
                  0000d0bc    0000001c     sysbios.aem3 : BIOS.obj (.text:ti_sysbios_knl_Queue_get__E)
                  0000d0d8    0000001c                  : BIOS.obj (.text:ti_sysbios_knl_Queue_put__E)
                  0000d0f4    0000001c     app_ble_pem3.oem3 (.text:ti_sysbios_knl_Swi_Object__destruct__S)
                  0000d110    0000001c     sysbios.aem3 : BIOS.obj (.text:ti_sysbios_knl_Task_enter__I)
                  0000d12c    0000001c                  : BIOS.obj (.text:xdc_runtime_Error_check__E)
                  0000d148    0000001c                  : BIOS.obj (.text:xdc_runtime_Error_raiseX__E)
                  0000d164    0000001c                  : BIOS.obj (.text:xdc_runtime_Memory_valloc__E)
                  0000d180    0000001c                  : BIOS.obj (.text:xdc_runtime_System_abort__E)
                  0000d19c    0000001a     icall_api.obj (.text:GATT_Notification)
                  0000d1b6    0000001a     icall.obj (.text:ICall_enterCSImpl)
                  0000d1d0    0000001a     icall.obj (.text:ICall_primSetTimerMSecs$24)
                  0000d1ea    0000001a     drivers_cc26xxware.aem3 : List.oem3 (.text:List_remove)
                  0000d204    0000001a     icall_api.obj (.text:matchGattIndNotiCS$27)
                  0000d21e    0000001a     sysbios.aem3 : m3_Hwi_asm.obj (.text:ti_sysbios_family_arm_m3_Hwi_pendSV__I)
                  0000d238    0000001a                  : BIOS.obj (.text:ti_sysbios_knl_Task_sleepTimeout__I)
                  0000d252    00000002                  : BIOS.obj (.text:xdc_runtime_SysCallback_defaultExit)
                  0000d254    00000018     I2C.obj (.text:I2C_Params_init)
                  0000d26c    00000018     icall_cc2650.obj (.text:ICallPlatform_pwrDispense)
                  0000d284    00000018     icall_cc2650.obj (.text:ICallPlatform_pwrRequire)
                  0000d29c    00000018     util.obj (.text:ICall_free$14)
                  0000d2b4    00000018     oad.obj (.text:ICall_free$47)
                  0000d2cc    00000018     icall_api.obj (.text:ICall_freeMsg$27)
                  0000d2e4    00000018     icall.obj (.text:ICall_primMalloc$24)
                  0000d2fc    00000018     driverlib.lib : aon_rtc.obj (.text:NOROM_AONRTCCurrentCompareValueGet)
                  0000d314    00000018                   : chipinfo.obj (.text:NOROM_ChipInfo_GetPackageType)
                  0000d32c    00000018                   : osc.obj (.text:NOROM_OSCHF_TurnOnXosc)
                  0000d344    00000018                   : rfc.obj (.text:NOROM_RFCCpeIntGetAndClear)
                  0000d35c    00000018     oad_target_external_flash.obj (.text:OADTarget_open)
                  0000d374    00000018     drivers_cc26xxware.aem3 : PowerCC26XX.oem3 (.text:Power_idleFunc)
                  0000d38c    00000018     RFCC26XX_singleMode.obj (.text:Q_pop$19)
                  0000d3a4    00000018     sensortag_batt.obj (.text:SensorTagBatt_clockHandler$2)
                  0000d3bc    00000018     sensortag_mov.obj (.text:SensorTagMov_clockHandler$9)
                  0000d3d4    00000018     sensortag.obj (.text:SensorTag_clockHandler$0)
                  0000d3ec    00000018     sensortag.obj (.text:SensorTag_updateAdvertisingData)
                  0000d404    00000018     rtsv7M3_T_le_eabi.lib : args_main.c.obj (.text:_args_main)
                  0000d41c    00000018     drivers_cc26xxware.aem3 : PowerCC26XX.oem3 (.text:configureRFCoreClocks)
                  0000d434    00000018     peripheral.obj (.text:gapRole_setEvent$50)
                  0000d44c    00000018     sensortag_opt.obj (.text:initCharacteristicValue$11)
                  0000d464    00000018     sensortag_tmp.obj (.text:initCharacteristicValue$13)
                  0000d47c    00000018     sensortag_bar.obj (.text:initCharacteristicValue$1)
                  0000d494    00000018     rtsv7M3_T_le_eabi.lib : ll_mul_t2.asm.obj (.text)
                  0000d4ac    00000018     RFCC26XX_singleMode.obj (.text:swiFxnFsm$19)
                  0000d4c4    00000018     app_ble_pem3.oem3 (.text:ti_sysbios_BIOS_rtsUnlock__I)
                  0000d4dc    00000018     app_ble_pem3.oem3 (.text:ti_sysbios_family_arm_cc26xx_Timer_Module__startupDone__F)
                  0000d4f4    00000018     app_ble_pem3.oem3 (.text:ti_sysbios_family_arm_m3_Hwi_Module__startupDone__F)
                  0000d50c    00000018     sysbios.aem3 : BIOS.obj (.text:ti_sysbios_family_arm_m3_Hwi_plug__E)
                  0000d524    00000018                  : BIOS.obj (.text:ti_sysbios_gates_GateMutex_leave__E)
                  0000d53c    00000018                  : BIOS.obj (.text:ti_sysbios_knl_Swi_or__E)
                  0000d554    00000018                  : BIOS.obj (.text:ti_sysbios_knl_Task_unblock__E)
                  0000d56c    00000018                  : BIOS.obj (.text:xdc_runtime_Core_destructObject__I)
                  0000d584    00000018                  : BIOS.obj (.text:xdc_runtime_System_exit__E)
                  0000d59c    00000016     main.obj (.text:AssertHandler)
                  0000d5b2    00000016     icall.obj (.text:ICall_leaveCSImpl)
                  0000d5c8    00000016     icall.obj (.text:ICall_primStopTimer$24)
                  0000d5de    00000016     ble_user_config.obj (.text:driverTable_fnSpinlock)
                  0000d5f4    00000016     app_ble_pem3.oem3 (.text:ti_sysbios_BIOS_exitFunc__I)
                  0000d60a    00000016     sysbios.aem3 : BIOS.obj (.text:ti_sysbios_knl_Clock_start__E)
                  0000d620    00000014     ioservice.obj (.text:Io_getParameter)
                  0000d634    00000014     driverlib.lib : aon_rtc.obj (.text:NOROM_AONRTCCurrent64BitValueGet)
                  0000d648    00000014     oad_target_external_flash.obj (.text:OADTarget_close)
                  0000d65c    00000014     PINCC26XX.obj (.text:PINCC26XX_getInputValue$18)
                  0000d670    00000014     PINCC26XX.obj (.text:PINCC26XX_getOutputValue$18)
                  0000d684    00000014     SensorMpu9250.obj (.text:SensorMpu9250_Callback$32)
                  0000d698    00000014     SensorMpu9250.obj (.text:SensorMpu9250_powerIsOn)
                  0000d6ac    00000014     sensortag_keys.obj (.text:SensorTagKeys_reset)
                  0000d6c0    00000014     SensorUtil.obj (.text:SensorUtil_convertToLe)
                  0000d6d4    00000014     icall_api.obj (.text:setICallCmdEvtHdr$27)
                  0000d6e8    00000014     rtsv7M3_T_le_eabi.lib : strlen.c.obj (.text:strlen)
                  0000d6fc    00000014     app_ble_pem3.oem3 (.text:ti_sysbios_family_arm_m3_Hwi_Object__get__S)
                  0000d710    00000014     sysbios.aem3 : BIOS.obj (.text:ti_sysbios_family_arm_m3_Hwi_switchFromBootStack__E)
                  0000d724    00000014     app_ble_pem3.oem3 (.text:ti_sysbios_knl_Clock_doTick__I)
                  0000d738    00000014     app_ble_pem3.oem3 (.text:ti_sysbios_knl_Swi_Object__get__S)
                  0000d74c    00000012     gattservapp_util.obj (.text:GATTServApp_FindAttr)
                  0000d75e    00000012     RFCC26XX_singleMode.obj (.text:RF_getCmdOp)
                  0000d770    00000012     sysbios.aem3 : BIOS.obj (.text:ti_sysbios_hal_Hwi_Module_startup__E)
                  0000d782    00000012     app_ble_pem3.oem3 (.text:xdc_runtime_Startup_exec__I)
                  0000d794    00000010     icall_api.obj (.text:GAP_EndDiscoverable)
                  0000d7a4    00000010     gattservapp_util.obj (.text:GATTServApp_ReadCharCfg)
                  0000d7b4    00000010     icall_cc2650.obj (.text:ICallPlatform_pwrGetXOSCStartupTime)
                  0000d7c4    00000010     icall.obj (.text:ICall_primGetTickPeriod$24)
                  0000d7d4    00000010     icall.obj (.text:ICall_taskEntry$24)
                  0000d7e4    00000010     util.obj (.text:Util_isActive)
                  0000d7f4    00000010     ExtFlash.obj (.text:extFlashDeselect$28)
                  0000d804    00000010     ExtFlash.obj (.text:extFlashSelect$28)
                  0000d814    00000010     I2CCC26XX.obj (.text:i2cPostNotify$17)
                  0000d824    00000010     sysbios.aem3 : BIOS.obj (.text:ti_sysbios_BIOS_exit__E)
                  0000d834    00000010                  : BIOS.obj (.text:ti_sysbios_BIOS_getCpuFreq__E)
                  0000d844    00000010                  : BIOS.obj (.text:ti_sysbios_BIOS_setThreadType__E)
                  0000d854    00000010                  : BIOS.obj (.text:ti_sysbios_BIOS_start__E)
                  0000d864    00000010                  : BIOS.obj (.text:ti_sysbios_family_arm_m3_Hwi_post__E)
                  0000d874    00000010                  : m3_TaskSupport_asm.obj (.text:ti_sysbios_family_arm_m3_TaskSupport_glue)
                  0000d884    00000010                  : m3_TaskSupport_asm.obj (.text:ti_sysbios_family_arm_m3_TaskSupport_swap__E)
                  0000d894    00000010     app_ble_pem3.oem3 (.text:ti_sysbios_hal_Hwi_HwiProxy_Object__create__S)
                  0000d8a4    00000010     sysbios.aem3 : BIOS.obj (.text:ti_sysbios_knl_Semaphore_Instance_finalize__E)
                  0000d8b4    00000010                  : BIOS.obj (.text:ti_sysbios_knl_Swi_disable__E)
                  0000d8c4    00000010                  : BIOS.obj (.text:ti_sysbios_knl_Swi_enabled__E)
                  0000d8d4    00000010     app_ble_pem3.oem3 (.text:ti_sysbios_knl_Task_Object__get__S)
                  0000d8e4    00000010     sysbios.aem3 : BIOS.obj (.text:ti_sysbios_knl_Task_disable__E)
                  0000d8f4    00000010                  : BIOS.obj (.text:xdc_runtime_Gate_leaveSystem__E)
                  0000d904    00000010                  : BIOS.obj (.text:xdc_runtime_SysCallback_abort__E)
                  0000d914    00000010                  : BIOS.obj (.text:xdc_runtime_SysCallback_exit__E)
                  0000d924    0000000e     icall_cc2650.obj (.text:ICallPlatform_pwrGetTransitionState)
                  0000d932    0000000e     icall_cc2650.obj (.text:ICallPlatform_pwrIsStableXOSCHF)
                  0000d940    0000000e     icall.obj (.text:ICall_primDisableMInt$24)
                  0000d94e    0000000e     icall.obj (.text:ICall_primEnableMInt$24)
                  0000d95c    0000000e     icall.obj (.text:ICall_primFreeMsg$24)
                  0000d96a    0000000e     icall.obj (.text:ICall_primGetTicks$24)
                  0000d978    0000000e     driverlib.lib : vims.obj (.text:NOROM_VIMSModeGet)
                  0000d986    0000000e     SPICC26XXDMA.obj (.text:SPICC26XXDMA_init)
                  0000d994    0000000e     SensorI2C.obj (.text:SensorI2C_readReg)
                  0000d9a2    0000000e     util.obj (.text:Util_constructQueue)
                  0000d9b0    0000000e     rtsv7M3_T_le_eabi.lib : copy_decompress_none.c.obj (.text:decompress:none:__TI_decompress_none)
                  0000d9be    0000000e     icall_api.obj (.text:matchGSARegisterServiceCS$27)
                  0000d9cc    0000000e     icall_api.obj (.text:matchGapLinkEstCS$27)
                  0000d9da    0000000e     icall_api.obj (.text:matchLinkDBNumConnsCS$27)
                  0000d9e8    0000000e     icall_api.obj (.text:setDispatchCmdEvtHdr$27)
                  0000d9f6    0000000e     sysbios.aem3 : BIOS.obj (.text:ti_sysbios_knl_Queue_empty__E)
                  0000da04    0000000e                  : BIOS.obj (.text:ti_sysbios_knl_Queue_remove__E)
                  0000da12    0000000e                  : BIOS.obj (.text:xdc_runtime_HeapMin_Instance_init__E)
                  0000da20    0000000c     RFCC26XX_singleMode.obj (.text:FsmNextState$19)
                  0000da2c    0000000c     icall.obj (.text:ICall_clockFunc$24)
                  0000da38    0000000c     icall.obj (.text:ICall_primDisableInt$24)
                  0000da44    0000000c     icall.obj (.text:ICall_primEnableInt$24)
                  0000da50    0000000c     icall.obj (.text:ICall_primFree$24)
                  0000da5c    0000000c     icall.obj (.text:ICall_primSignal$24)
                  0000da68    0000000c     driverlib.lib : cpu.obj (.text:NOROM_CPUcpsid)
                  0000da74    0000000c                   : cpu.obj (.text:NOROM_CPUcpsie)
                  0000da80    0000000c     drivers_cc26xxware.aem3 : PowerCC26XX.oem3 (.text:Power_getConstraintMask)
                  0000da8c    0000000c                             : PowerCC26XX.oem3 (.text:Power_getDependencyCount)
                  0000da98    0000000c                             : PowerCC26XX.oem3 (.text:Power_getTransitionState)
                  0000daa4    0000000c     SensorI2C.obj (.text:SensorI2C_deselect)
                  0000dab0    0000000c     sensortag.obj (.text:SensorTag_testResult)
                  0000dabc    0000000c     rtsv7M3_T_le_eabi.lib : _lock.c.obj (.text:_register_lock)
                  0000dac8    0000000c                           : _lock.c.obj (.text:_register_unlock)
                  0000dad4    0000000c                           : copy_zero_init.c.obj (.text:decompress:ZI:__TI_zero_init)
                  0000dae0    0000000c     icall_api.obj (.text:matchProfileSetParamCS$27)
                  0000daec    0000000c     SPICC26XXDMA.obj (.text:spiPostNotify$21)
                  0000daf8    0000000c     sysbios.aem3 : BIOS.obj (.text:ti_sysbios_BIOS_getThreadType__E)
                  0000db04    0000000c     app_ble_pem3.oem3 (.text:ti_sysbios_family_arm_m3_Hwi_Params__init__S)
                  0000db10    0000000c     sysbios.aem3 : BIOS.obj (.text:ti_sysbios_family_arm_m3_Hwi_disableFxn__E)
                  0000db1c    0000000c                  : BIOS.obj (.text:ti_sysbios_family_arm_m3_Hwi_enableFxn__E)
                  0000db28    0000000c                  : BIOS.obj (.text:ti_sysbios_family_arm_m3_TaskSupport_getStackAlignment__E)
                  0000db34    0000000c                  : BIOS.obj (.text:ti_sysbios_gates_GateHwi_enter__E)
                  0000db40    0000000c     app_ble_pem3.oem3 (.text:ti_sysbios_hal_Hwi_Params__init__S)
                  0000db4c    0000000c     app_ble_pem3.oem3 (.text:ti_sysbios_knl_Clock_Params__init__S)
                  0000db58    0000000c     app_ble_pem3.oem3 (.text:ti_sysbios_knl_Queue_Object__get__S)
                  0000db64    0000000c     sysbios.aem3 : BIOS.obj (.text:ti_sysbios_knl_Queue_dequeue__E)
                  0000db70    0000000c                  : BIOS.obj (.text:ti_sysbios_knl_Queue_enqueue__E)
                  0000db7c    0000000c     app_ble_pem3.oem3 (.text:ti_sysbios_knl_Semaphore_Params__init__S)
                  0000db88    0000000c     app_ble_pem3.oem3 (.text:ti_sysbios_knl_Swi_Params__init__S)
                  0000db94    0000000c     sysbios.aem3 : BIOS.obj (.text:ti_sysbios_knl_Swi_getTrigger__E)
                  0000dba0    0000000c     app_ble_pem3.oem3 (.text:ti_sysbios_knl_Task_Params__init__S)
                  0000dbac    0000000c     sysbios.aem3 : BIOS.obj (.text:ti_sysbios_knl_Task_self__E)
                  0000dbb8    0000000c                  : BIOS.obj (.text:xdc_runtime_Gate_enterSystem__E)
                  0000dbc4    0000000c                  : BIOS.obj (.text:xdc_runtime_HeapMin_getStats__E)
                  0000dbd0    0000000c                  : BIOS.obj (.text:xdc_runtime_Memory_calloc__E)
                  0000dbdc    0000000c                  : BIOS.obj (.text:xdc_runtime_Memory_getMaxDefaultTypeAlign__E)
                  0000dbe8    0000000c                  : BIOS.obj (.text:xdc_runtime_Startup_rtsDone__E)
                  0000dbf4    0000000a     I2CCC26XX.obj (.text:I2CCC26XX_init)
                  0000dbfe    0000000a     I2C.obj (.text:I2C_close)
                  0000dc08    0000000a     I2C.obj (.text:I2C_transfer)
                  0000dc12    0000000a     icall_cc2650.obj (.text:ICallPlatform_pwrSwitchXOSCHF)
                  0000dc1c    0000000a     icall.obj (.text:ICall_primE2S$24)
                  0000dc26    0000000a     drivers_cc26xxware.aem3 : List.oem3 (.text:List_empty)
                  0000dc30    0000000a     SPI.obj (.text:SPI_transfer)
                  0000dc3a    0000000a     sensortag.obj (.text:SensorTag_charValueChangeCB)
                  0000dc44    0000000a     sensortag.obj (.text:SensorTag_stateChangeCB$0)
                  0000dc4e    0000000a     UDMACC26XX.obj (.text:UDMACC26XX_hwiIntFxn)
                  0000dc58    0000000a     app_ble_pem3.oem3 (.text:xdc_runtime_IHeap_alloc)
                  0000dc62    00000008     I2CCC26XX.obj (.text:I2CCC26XX_blockingCallback$17)
                  0000dc6a    00000008     RFCC26XX_singleMode.obj (.text:RF_flushCmd)
                  0000dc72    00000008     SPICC26XXDMA.obj (.text:SPICC26XXDMA_transferCallback$21)
                  0000dc7a    00000008     sensortag_conn_ctrl.obj (.text:ccChangeCB$4)
                  0000dc82    00000008     sensortag_io.obj (.text:ioChangeCB$7)
                  0000dc8a    00000008     sensortag_register.obj (.text:registerChangeCB$12)
                  0000dc92    00000008     sensortag_mov.obj (.text:sensorChangeCB$9)
                  0000dc9a    00000008     sensortag_opt.obj (.text:sensorConfigChangeCB$11)
                  0000dca2    00000008     sensortag_tmp.obj (.text:sensorConfigChangeCB$13)
                  0000dcaa    00000008     sensortag_bar.obj (.text:sensorConfigChangeCB$1)
                  0000dcb2    00000008     sensortag_batt.obj (.text:sensorConfigChangeCB$2)
                  0000dcba    00000008     sensortag_hum.obj (.text:sensorConfigChangeCB$6)
                  0000dcc2    00000008     sysbios.aem3 : BIOS.obj (.text:ti_sysbios_family_arm_m3_Hwi_doSwiRestore__I)
                  0000dcca    00000008                  : BIOS.obj (.text:ti_sysbios_family_arm_m3_Hwi_startup__E)
                  0000dcd2    00000008                  : BIOS.obj (.text:ti_sysbios_knl_Idle_loop__E)
                  0000dcda    00000006     I2CCC26XX.obj (.text:I2CCC26XX_control)
                  0000dce0    00000006     driverlib.lib : cpu.obj (.text:NOROM_CPUdelay)
                  0000dce6    00000006     PINCC26XX.obj (.text:PIN_registerIntCb)
                  0000dcec    00000006     RFCC26XX_singleMode.obj (.text:clkInactivityFxn$19)
                  0000dcf2    00000006     icall_api.obj (.text:matchBondMgrSetParamCS$27)
                  0000dcf8    00000006     icall_api.obj (.text:matchGGSSetParamCS$27)
                  0000dcfe    00000006     icall_api.obj (.text:matchGapConnParamUpdateReplyCS$27)
                  0000dd04    00000006     icall_api.obj (.text:matchGapDeviceInitCS$27)
                  0000dd0a    00000006     icall_api.obj (.text:matchGapEndDiscoverableCS$27)
                  0000dd10    00000006     icall_api.obj (.text:matchGapGetParamCS$27)
                  0000dd16    00000006     icall_api.obj (.text:matchGapMakeDiscoverableCS$27)
                  0000dd1c    00000006     icall_api.obj (.text:matchGapSetParamCS$27)
                  0000dd22    00000006     icall_api.obj (.text:matchGapTerminateAuthCS$27)
                  0000dd28    00000006     icall_api.obj (.text:matchGapTerminateLinkReqCS$27)
                  0000dd2e    00000006     icall_api.obj (.text:matchGapUpdateAdvDataCS$27)
                  0000dd34    00000006     icall_api.obj (.text:matchGapUpdateLinkParamReqCS$27)
                  0000dd3a    00000006     icall_api.obj (.text:matchUtilNvReadCS$27)
                  0000dd40    00000006     icall_api.obj (.text:matchUtilNvWriteCS$27)
                  0000dd46    00000006     sysbios.aem3 : BIOS.obj (.text:ti_sysbios_family_arm_m3_Hwi_doTaskRestore__I)
                  0000dd4c    00000006                  : BIOS.obj (.text:ti_sysbios_family_arm_m3_Hwi_restoreFxn__E)
                  0000dd52    00000006                  : BIOS.obj (.text:ti_sysbios_family_arm_m3_Hwi_setFunc__E)
                  0000dd58    00000006                  : BIOS.obj (.text:ti_sysbios_gates_GateHwi_leave__E)
                  0000dd5e    00000006                  : BIOS.obj (.text:ti_sysbios_knl_Queue_Instance_init__E)
                  0000dd64    00000006                  : BIOS.obj (.text:ti_sysbios_knl_Queue_elemClear__E)
                  0000dd6a    00000006                  : BIOS.obj (.text:ti_sysbios_knl_Swi_startup__E)
                  0000dd70    00000006                  : BIOS.obj (.text:ti_sysbios_knl_Task_enable__E)
                  0000dd76    00000006                  : BIOS.obj (.text:xdc_runtime_System_Module_startup__E)
                  0000dd7c    00000004     tirtosport.aem3 : HwiP_tirtos.oem3 (.text:HwiP_disable)
                  0000dd80    00000004     icall.obj (.text:ICall_primAbort$24)
                  0000dd84    00000004     drivers_cc26xxware.aem3 : List.oem3 (.text:List_head)
                  0000dd88    00000004                             : List.oem3 (.text:List_next)
                  0000dd8c    00000004     RFCC26XX_singleMode.obj (.text:Q_peek$19)
                  0000dd90    00000004     util.obj (.text:Util_startClock)
                  0000dd94    00000004     util.obj (.text:Util_stopClock)
                  0000dd98    00000004     rtsv7M3_T_le_eabi.lib : exit.c.obj (.text:abort:abort)
                  0000dd9c    00000004     drivers_cc26xxware.aem3 : PowerCC26XX.oem3 (.text:nopResourceHandler)
                  0000dda0    00000004     app_ble_pem3.oem3 (.text:ti_sysbios_BIOS_RtsGateProxy_enter__E)
                  0000dda4    00000004     app_ble_pem3.oem3 (.text:ti_sysbios_BIOS_RtsGateProxy_leave__E)
                  0000dda8    00000004     sysbios.aem3 : BIOS.obj (.text:ti_sysbios_family_arm_cc26xx_Timer_getCount64__E)
                  0000ddac    00000004                  : BIOS.obj (.text:ti_sysbios_family_arm_cc26xx_Timer_setPeriod__E)
                  0000ddb0    00000004     app_ble_pem3.oem3 (.text:ti_sysbios_family_arm_m3_Hwi_destruct)
                  0000ddb4    00000004     app_ble_pem3.oem3 (.text:ti_sysbios_family_arm_m3_TaskSupport_Module__startupDone__S)
                  0000ddb8    00000004     sysbios.aem3 : BIOS.obj (.text:ti_sysbios_gates_GateHwi_query__E)
                  0000ddbc    00000004                  : BIOS.obj (.text:ti_sysbios_gates_GateMutex_query__E)
                  0000ddc0    00000004     app_ble_pem3.oem3 (.text:ti_sysbios_knl_Clock_TimerProxy_getCurrentTick__E)
                  0000ddc4    00000004     app_ble_pem3.oem3 (.text:ti_sysbios_knl_Clock_TimerProxy_getMaxTicks__E)
                  0000ddc8    00000004     app_ble_pem3.oem3 (.text:ti_sysbios_knl_Clock_TimerProxy_setNextTick__E)
                  0000ddcc    00000004     sysbios.aem3 : BIOS.obj (.text:ti_sysbios_knl_Clock_isActive__E)
                  0000ddd0    00000004                  : BIOS.obj (.text:ti_sysbios_knl_Clock_removeI__E)
                  0000ddd4    00000004                  : BIOS.obj (.text:ti_sysbios_knl_Clock_setPeriod__E)
                  0000ddd8    00000004                  : BIOS.obj (.text:ti_sysbios_knl_Clock_setTimeout__E)
                  0000dddc    00000004     app_ble_pem3.oem3 (.text:ti_sysbios_knl_Queue_destruct)
                  0000dde0    00000004     sysbios.aem3 : BIOS.obj (.text:ti_sysbios_knl_Queue_head__E)
                  0000dde4    00000004                  : BIOS.obj (.text:ti_sysbios_knl_Queue_insert__E)
                  0000dde8    00000004                  : BIOS.obj (.text:ti_sysbios_knl_Queue_next__E)
                  0000ddec    00000004     app_ble_pem3.oem3 (.text:ti_sysbios_knl_Semaphore_destruct)
                  0000ddf0    00000004     app_ble_pem3.oem3 (.text:ti_sysbios_knl_Swi_destruct)
                  0000ddf4    00000004     sysbios.aem3 : BIOS.obj (.text:ti_sysbios_knl_Swi_postInit__I)
                  0000ddf8    00000004                  : BIOS.obj (.text:ti_sysbios_knl_Task_startup__E)
                  0000ddfc    00000004                  : BIOS.obj (.text:xdc_runtime_HeapMin_isBlocking__E)
                  0000de00    00000004     app_ble_pem3.oem3 (.text:xdc_runtime_System_Module_GateProxy_enter__E)
                  0000de04    00000004     app_ble_pem3.oem3 (.text:xdc_runtime_System_Module_GateProxy_leave__E)
                  0000de08    00000002     sysbios.aem3 : BIOS.obj (.text:xdc_runtime_System_abortSpin__E)
                  0000de0a    00000002                  : BIOS.obj (.text:xdc_runtime_System_exitSpin__E)

.const     0    0000de0c    00000b84     
                  0000de0c    000000cc     icall.obj (.const:$O20$$)
                  0000ded8    00000068     board.obj (.const:BoardGpioInitTable)
                  0000df40    0000004c     oad.obj (.const:$O39$$)
                  0000df8c    0000004c     drivers_cc26xxware.aem3 : PowerCC26XX.oem3 (.const:resourceDB)
                  0000dfd8    0000004c     ble_user_config.obj (.const:rfDriverTable)
                  0000e024    0000003c     sensortag.obj (.const:$O2$$)
                  0000e060    0000003c     app_ble_pem3.oem3 (.const:ti_sysbios_knl_Task_Object__PARAMS__C)
                  0000e09c    00000038     SPICC26XXDMA.obj (.const:$O18$$)
                  0000e0d4    00000038     board.obj (.const:spiCC26XXDMAHWAttrs)
                  0000e10c    00000030     app_ble_pem3.oem3 (.const:ti_sysbios_family_arm_m3_Hwi_Object__PARAMS__C)
                  0000e13c    0000002c     gatt_uuid.obj (.const:$O33$$)
                  0000e168    0000002c     app_ble_pem3.oem3 (.const:ti_sysbios_hal_Hwi_Object__PARAMS__C)
                  0000e194    00000028     app_ble_pem3.oem3 (.const:ti_sysbios_knl_Swi_Object__PARAMS__C)
                  0000e1bc    00000028     app_ble_pem3.oem3 (.const:xdc_runtime_HeapMin_Module__FXNS__C)
                  0000e1e4    00000027     ble_user_config.obj (.const:txPowerTable)
                  0000e20b    00000001     app_ble_pem3.oem3 (.const:xdc_runtime_Error_policy__C)
                  0000e20c    00000024     board.obj (.const:SPI_config)
                  0000e230    00000024     app_ble_pem3.oem3 (.const:ti_sysbios_gates_GateHwi_Module__FXNS__C)
                  0000e254    00000024     app_ble_pem3.oem3 (.const:ti_sysbios_gates_GateMutex_Module__FXNS__C)
                  0000e278    00000024     app_ble_pem3.oem3 (.const:ti_sysbios_knl_Clock_Object__PARAMS__C)
                  0000e29c    00000024     app_ble_pem3.oem3 (.const:ti_sysbios_knl_Semaphore_Object__PARAMS__C)
                  0000e2c0    00000020     SPI.obj (.const:SPI_defaultParams)
                  0000e2e0    00000020     app_ble_pem3.oem3 (.const:ti_sysbios_family_arm_m3_Hwi_Object__DESC__C)
                  0000e300    00000020     app_ble_pem3.oem3 (.const:ti_sysbios_gates_GateHwi_Object__DESC__C)
                  0000e320    00000020     app_ble_pem3.oem3 (.const:ti_sysbios_gates_GateMutex_Object__DESC__C)
                  0000e340    00000020     app_ble_pem3.oem3 (.const:ti_sysbios_hal_Hwi_Object__DESC__C)
                  0000e360    00000020     app_ble_pem3.oem3 (.const:ti_sysbios_knl_Clock_Object__DESC__C)
                  0000e380    00000020     app_ble_pem3.oem3 (.const:ti_sysbios_knl_Queue_Object__DESC__C)
                  0000e3a0    00000020     app_ble_pem3.oem3 (.const:ti_sysbios_knl_Semaphore_Object__DESC__C)
                  0000e3c0    00000020     app_ble_pem3.oem3 (.const:ti_sysbios_knl_Swi_Object__DESC__C)
                  0000e3e0    00000020     app_ble_pem3.oem3 (.const:ti_sysbios_knl_Task_Object__DESC__C)
                  0000e400    00000020     app_ble_pem3.oem3 (.const:xdc_runtime_HeapMin_Object__DESC__C)
                  0000e420    00000020     app_ble_pem3.oem3 (.const:xdc_runtime_HeapMin_Object__PARAMS__C)
                  0000e440    0000001c     SPICC26XXDMA.obj (.const:SPICC26XXDMA_fxnTable)
                  0000e45c    0000001c     app_ble_pem3.oem3 (.const:xdc_runtime_Startup_sfxnTab__A)
                  0000e478    00000018     I2CCC26XX.obj (.const:I2CCC26XX_fxnTable)
                  0000e490    00000018     board.obj (.const:I2C_config)
                  0000e4a8    00000018     board.obj (.const:i2cCC26xxHWAttrs)
                  0000e4c0    00000018     app_ble_pem3.oem3 (.const:ti_sysbios_gates_GateHwi_Object__PARAMS__C)
                  0000e4d8    00000018     app_ble_pem3.oem3 (.const:ti_sysbios_gates_GateMutex_Object__PARAMS__C)
                  0000e4f0    00000018     app_ble_pem3.oem3 (.const:ti_sysbios_knl_Queue_Object__PARAMS__C)
                  0000e508    00000014     RFCC26XX_singleMode.obj (.const:RF_defaultParams$19)
                  0000e51c    00000010     ccservice.obj (.const:.string:ccServiceServUUID)
                  0000e52c    00000010     ccservice.obj (.const:.string:ccServicechar1UUID)
                  0000e53c    00000010     ccservice.obj (.const:.string:ccServicechar2UUID)
                  0000e54c    00000010     ccservice.obj (.const:.string:ccServicechar3UUID)
                  0000e55c    00000010     ioservice.obj (.const:.string:ioConfUUID)
                  0000e56c    00000010     ioservice.obj (.const:.string:ioDataUUID)
                  0000e57c    00000010     ioservice.obj (.const:.string:ioServUUID)
                  0000e58c    00000010     oad.obj (.const:.string:oadServUUID$47)
                  0000e59c    00000010     registerservice.obj (.const:.string:registerAddressUUID$51)
                  0000e5ac    00000010     registerservice.obj (.const:.string:registerDataUUID$51)
                  0000e5bc    00000010     registerservice.obj (.const:.string:registerDeviceIDUUID$51)
                  0000e5cc    00000010     barometerservice.obj (.const:.string:sensorCfgUUID$37)
                  0000e5dc    00000010     humidityservice.obj (.const:.string:sensorCfgUUID$43)
                  0000e5ec    00000010     irtempservice.obj (.const:.string:sensorCfgUUID$45)
                  0000e5fc    00000010     movementservice.obj (.const:.string:sensorCfgUUID$46)
                  0000e60c    00000010     opticservice.obj (.const:.string:sensorCfgUUID$49)
                  0000e61c    00000010     barometerservice.obj (.const:.string:sensorDataUUID$37)
                  0000e62c    00000010     humidityservice.obj (.const:.string:sensorDataUUID$43)
                  0000e63c    00000010     irtempservice.obj (.const:.string:sensorDataUUID$45)
                  0000e64c    00000010     movementservice.obj (.const:.string:sensorDataUUID$46)
                  0000e65c    00000010     opticservice.obj (.const:.string:sensorDataUUID$49)
                  0000e66c    00000010     barometerservice.obj (.const:.string:sensorPeriodUUID$37)
                  0000e67c    00000010     humidityservice.obj (.const:.string:sensorPeriodUUID$43)
                  0000e68c    00000010     irtempservice.obj (.const:.string:sensorPeriodUUID$45)
                  0000e69c    00000010     movementservice.obj (.const:.string:sensorPeriodUUID$46)
                  0000e6ac    00000010     opticservice.obj (.const:.string:sensorPeriodUUID$49)
                  0000e6bc    00000010     barometerservice.obj (.const:.string:sensorServiceUUID$37)
                  0000e6cc    00000010     humidityservice.obj (.const:.string:sensorServiceUUID$43)
                  0000e6dc    00000010     irtempservice.obj (.const:.string:sensorServiceUUID$45)
                  0000e6ec    00000010     movementservice.obj (.const:.string:sensorServiceUUID$46)
                  0000e6fc    00000010     opticservice.obj (.const:.string:sensorServiceUUID$49)
                  0000e70c    00000010     registerservice.obj (.const:.string:sensorServiceUUID$51)
                  0000e71c    00000010     I2C.obj (.const:I2C_defaultParams)
                  0000e72c    00000010     board.obj (.const:PowerCC26XX_config)
                  0000e73c    00000010     board.obj (.const:TRNGCC26XX_config)
                  0000e74c    00000010     board.obj (.const:UDMACC26XX_config)
                  0000e75c    0000000e     app_ble_pem3.oem3 (.const:xdc_runtime_Startup_sfxnRts__A)
                  0000e76a    0000000d     oad.obj (.const:.string:oadImgIdentifyDesc$47)
                  0000e777    00000001     --HOLE-- [fill = 0]
                  0000e778    0000000c     battservice.obj (.const:battCBs)
                  0000e784    0000000c     ccservice.obj (.const:ccServiceCBs)
                  0000e790    0000000c     devinfoservice.obj (.const:devInfoCBs)
                  0000e79c    0000000c     ioservice.obj (.const:ioCBs)
                  0000e7a8    0000000c     barometerservice.obj (.const:sensorCBs$37)
                  0000e7b4    0000000c     humidityservice.obj (.const:sensorCBs$43)
                  0000e7c0    0000000c     irtempservice.obj (.const:sensorCBs$45)
                  0000e7cc    0000000c     movementservice.obj (.const:sensorCBs$46)
                  0000e7d8    0000000c     opticservice.obj (.const:sensorCBs$49)
                  0000e7e4    0000000c     registerservice.obj (.const:sensorCBs$51)
                  0000e7f0    0000000c     simplekeys.obj (.const:skCBs)
                  0000e7fc    0000000c     ble_user_config.obj (.const:trngDriverTable)
                  0000e808    0000000b     oad.obj (.const:.string:oadStatusDesc$47)
                  0000e813    0000000a     oad.obj (.const:.string:oadImgBlockDesc$47)
                  0000e81d    0000000a     oad.obj (.const:.string:oadImgCountDesc$47)
                  0000e827    00000001     --HOLE-- [fill = 0]
                  0000e828    00000008     ExtFlash.obj (.const:$O24$$)
                  0000e830    00000008     battservice.obj (.const:battService$38)
                  0000e838    00000008     I2CCC26XX.obj (.const:bitRate$17)
                  0000e840    00000008     ccservice.obj (.const:ccServiceService$39)
                  0000e848    00000008     devinfoservice.obj (.const:devInfoService$40)
                  0000e850    00000008     ioservice.obj (.const:ioService$44)
                  0000e858    00000008     oad.obj (.const:oadService$47)
                  0000e860    00000008     barometerservice.obj (.const:sensorService$37)
                  0000e868    00000008     humidityservice.obj (.const:sensorService$43)
                  0000e870    00000008     irtempservice.obj (.const:sensorService$45)
                  0000e878    00000008     movementservice.obj (.const:sensorService$46)
                  0000e880    00000008     opticservice.obj (.const:sensorService$49)
                  0000e888    00000008     registerservice.obj (.const:sensorService$51)
                  0000e890    00000008     simplekeys.obj (.const:skService$52)
                  0000e898    00000008     app_ble_pem3.oem3 (.const:ti_sysbios_knl_Idle_funcList__C)
                  0000e8a0    00000008     board.obj (.const:udmaHWAttrs)
                  0000e8a8    00000008     app_ble_pem3.oem3 (.const:xdc_runtime_Startup_firstFxns__A)
                  0000e8b0    00000008     app_ble_pem3.oem3 (.const:xdc_runtime_Startup_firstFxns__C)
                  0000e8b8    00000008     app_ble_pem3.oem3 (.const:xdc_runtime_Startup_lastFxns__C)
                  0000e8c0    00000006     ble_user_config.obj (.const:txPwrTbl)
                  0000e8c6    00000002     battservice.obj (.const:.string:battLevelUUID)
                  0000e8c8    00000004     board.obj (.const:TRNGCC26XXHWAttrs)
                  0000e8cc    00000004     icall_cc2650.obj (.const:events$1$25)
                  0000e8d0    00000004     app_ble_pem3.oem3 (.const:ti_sysbios_family_arm_cc26xx_Timer_startupNeeded__C)
                  0000e8d4    00000004     app_ble_pem3.oem3 (.const:ti_sysbios_family_arm_m3_Hwi_E_alreadyDefined__C)
                  0000e8d8    00000004     app_ble_pem3.oem3 (.const:ti_sysbios_family_arm_m3_Hwi_NUM_INTERRUPTS__C)
                  0000e8dc    00000004     app_ble_pem3.oem3 (.const:ti_sysbios_family_arm_m3_Hwi_Object__count__C)
                  0000e8e0    00000004     app_ble_pem3.oem3 (.const:ti_sysbios_family_arm_m3_Hwi_ccr__C)
                  0000e8e4    00000004     app_ble_pem3.oem3 (.const:ti_sysbios_family_arm_m3_Hwi_excHandlerFunc__C)
                  0000e8e8    00000004     app_ble_pem3.oem3 (.const:ti_sysbios_family_arm_m3_Hwi_nullIsrFunc__C)
                  0000e8ec    00000004     app_ble_pem3.oem3 (.const:ti_sysbios_family_arm_m3_Hwi_priGroup__C)
                  0000e8f0    00000004     app_ble_pem3.oem3 (.const:ti_sysbios_family_arm_m3_TaskSupport_stackAlignment__C)
[...]
0000e95c  xdc_runtime_System_Module__gateObj__C                      
0000e960  xdc_runtime_System_abortFxn__C                             
0000e964  xdc_runtime_System_exitFxn__C                              
0000e968  xdc_runtime_System_maxAtexitHandlers__C                    
0000e96c  battServUUID                                               
0000e96e  devInfo11073CertUUID                                       
0000e970  devInfoFirmwareRevUUID                                     
0000e972  devInfoHardwareRevUUID                                     
0000e974  devInfoMfrNameUUID                                         
0000e976  devInfoModelNumberUUID                                     
0000e978  devInfoPnpIdUUID                                           
0000e97a  devInfoSerialNumberUUID                                    
0000e97c  devInfoServUUID                                            
0000e97e  devInfoSoftwareRevUUID                                     
0000e980  devInfoSystemIdUUID                                        
0000e982  keyPressedUUID                                             
0000e984  skServUUID                                                 
0000e988  ti_sysbios_family_arm_m3_Hwi_Module__id__C                 
0000e98a  xdc_runtime_HeapMin_Module__id__C                          
0000e98c  xdc_runtime_HeapMin_freeError__C                           
0000e98e  xdc_runtime_Memory_Module__id__C                           
0000e990  __TI_static_base__                                         
0000ef60  __TI_Handler_Table_Base                                    
0000ef6c  __TI_Handler_Table_Limit                                   
0000ef98  __TI_CINIT_Base                                            
0000efc8  __TI_CINIT_Limit                                           
10014c00  A1_rw                                                      
10014c00  __checksum_begin_CommonROM                                 
10014c01  COMMON_ROM_BASE_ADDR                                       
10014c04  P1_ro                                                      
10014c05  SCALARMUL_init                                             
10014ced  SCALARMUL_core                                             
10015019  SCALARMUL_final                                            
100150e5  SCALARMUL                                                  
10015101  SAVEPOINT                                                  
10015141  GETBIT                                                     
10015155  GETDIGIT                                                   
100151a5  GETDIGITL2R                                                
10015215  SelectReg                                                  
10015229  ATOMICPATTERN                                              
100154f5  JACADD                                                     
1001568d  INVERT                                                     
10015821  SQUAREMULTIPLYWORD                                         
1001588c  LUTOPCODE                                                  
10015894  LUTOPSIGN                                                  
100158ac  LUTC                                                       
100158c4  LUTSE                                                      
100158dc  LUTINCI                                                    
100158f4  LUTJ                                                       
1001596c  LUTSTATE                                                   
100159a9  IMPORTLENGTH                                               
100159ad  IMPORTMODULUS                                              
100159d1  IMPORTOPERAND                                              
10015a11  EXPORTOPERAND                                              
10015a35  IMPORTDATA                                                 
10015a51  SETOPERAND                                                 
10015a6d  COPY                                                       
10015a85  ZERO                                                       
10015a91  SETWORD                                                    
10015a9d  mSET                                                       
10015bcd  zSET                                                       
10015bd5  mINVK                                                      
10015d19  zADD                                                       
10015d5d  zSUB                                                       
10015de9  zMACC32                                                    
10015e69  zSUB32                                                     
10015eb5  zADD32                                                     
10015f0d  zMULT32                                                    
10015f81  mMULT                                                      
10016551  mADD                                                       
1001664d  mSUB                                                       
10016749  mOUT                                                       
10016975  ssp_KeyInit_Sw                                             
10016979  sspAesEncrypt_Sw                                           
10016985  sspKeyExpansion_Sw                                         
10016a99  sspAesEncryptKeyExp_Sw                                     
10016af5  sspAesEncryptBasic_Sw                                      
10016b79  RoundKey_Sw                                                
10016c29  AddRoundKeySubBytes_Sw                                     
10016c45  ShiftRows_Sw                                               
10016c79  MixColumns_Sw                                              
10016d05  FFMult_Sw                                                  
10016d29  sspAesDecrypt_Sw                                           
10016da1  InvAddRoundKey_Sw                                          
10016dc9  InvRoundKey_Sw                                             
10016e8d  InvSubBytes_Sw                                             
10016ea1  InvShiftRows_Sw                                            
10016ed5  InvMixColumns_Sw                                           
10016f58  FFMult2                                                    
10017058  FFMult3                                                    
10017158  RCon                                                       
10017164  Sbox                                                       
10017264  InvSbox                                                    
10017365  SSP_CCM_Auth_Sw                                            
100174fd  SSP_CCM_Encrypt_Sw                                         
100175ed  SSP_CTR_Encrypt_Sw                                         
1001767d  SSP_CCM_Decrypt_Sw                                         
10017771  SSP_CTR_Decrypt_Sw                                         
10017839  SSP_CCM_InvAuth_Sw                                         
10017895  SSP_CCM_Auth_Encrypt_Sw                                    
100178f5  SSP_CCM_InvAuth_Decrypt_Sw                                 
10017959  ECC_allocWorkzone                                          
10017961  ECC_setWin                                                 
10017969  ECDSA_sign                                                 
10017b01  ECDSA_verif                                                
10017dbd  eccRom_genKeys                                             
10017ded  eccRom_genSharedSecret                                     
10017e39  SHA256_updateW                                             
10017e75  SHA256_round                                               
10017ef1  SHA256_nextState                                           
10017f49  SHA256_saveBuffer                                          
10017ffd  SHA256_init                                                
10018019  SHA256_process                                             
10018089  SHA256_final                                               
10018129  SHA256_full                                                
100182ad  RFHAL_InitRfHal                                            
10018315  RFHAL_AllocRatChan                                         
1001833d  RFHAL_FreeRatChan                                          
10018369  RFHAL_MapRatChansToInt                                     
10018391  RFHAL_RegisterRatChanCallback                              
100183b9  RFHAL_InitDataQueue                                        
100183c5  RFHAL_QueueRFDataEntries                                   
10018415  RFHAL_AddTxDataEntry                                       
10018485  RFHAL_FreeNextTxDataEntry                                  
100184a9  RFHAL_AllocDataEntryQueue                                  
100184c5  RFHAL_FreeDataEntryQueue                                   
100184cd  RFHAL_GetNextDataEntry                                     
100184d1  RFHAL_GetTempDataEntry                                     
100184d5  RFHAL_NextDataEntryDone                                    
100184f9  RFHAL_AllocDataEntry                                       
10018549  RFHAL_FreeDataEntry                                        
10018551  RFHAL_BuildRingBuffer                                      
100185e1  RFHAL_BuildDataEntryRingBuffer                             
10018669  RFHAL_BuildLinkedBuffer                                    
10018755  MB_Init                                                    
10018799  MB_EnableInts                                              
100187f5  MB_DisableInts                                             
10018825  MB_ClearInts                                               
10018835  MB_EnableHWInts                                            
10018865  MB_SendCommand                                             
100188a5  MB_SendCommandSynch                                        
10018935  MB_ReadMailboxStatus                                       
1001893d  MB_RegisterIsrCback                                        
10018945  MB_FwDebugDump                                             
10018949  mbCmdAckIsr                                                
1001895d  mbCpe0Isr                                                  
10018985  mbCpe1Isr                                                  
100189e5  mbHwIsr                                                    
10018a19  AesCcm_authEncrypt_Sw                                      
10018a35  AesCcm_decryptAuth_Sw                                      
10018a99  Aes_encrypt_Sw                                             
10018ac5  Aes_decrypt_Sw                                             
10018b09  AesCcm_getNumBlocks_Sw                                     
10018b0c  NIST_Curve_P256_p                                          
10018b30  NIST_Curve_P256_r                                          
10018b54  NIST_Curve_P256_a                                          
10018b78  NIST_Curve_P256_b                                          
10018b9c  NIST_Curve_P256_Gx                                         
10018bc0  NIST_Curve_P256_Gy                                         
10018ced  __exit                                                     
10018d6c  Fill1                                                      
10019ffc  A3_rw                                                      
10019ffd  __checksum_end_CommonROM                                   
10019ffe  A2_rw                                                      
10019ffe  P1_ro_2                                                    
10019ffe  __checksum_CommonROM                                       
20000000  ti_sysbios_family_arm_m3_Hwi_ramVectors                    
20000520  gapProfileState                                            
20000521  selfEntityMain                                             
20000528  sem                                                        
2000052c  hGpioPin                                                   
20000548  pinGpioState                                               
2000096c  linkDBNumConns                                             
20000a80  gapRoleTask                                                
20000ad0  gapRoleTaskStack                                           
20001a64  PowerCC26XX_module                                         
20001b74  ICall_dispatcher                                           
20001b7c  ICall_enterCriticalSection                                 
20001b80  ICall_leaveCriticalSection                                 
20001b98  HEAPMGR_SIZE                                               
20002224  rfRegTbl                                                   
2000227c  ti_sysbios_knl_Task_Object__table__V                       
20002310  ti_sysbios_family_arm_cc26xx_Timer_Object__table__V        
20002358  ti_sysbios_knl_Task_Module__state__V                       
200023d0  ti_sysbios_family_arm_m3_Hwi_Module__state__V              
20002434  ti_sysbios_knl_Swi_Module_State_0_readyQ__A                
20002464  ti_sysbios_knl_Swi_Object__table__V                        
20002494  ti_sysbios_knl_Task_Module_State_0_readyQ__A               
200024c4  user0Cfg                                                   
2000254c  ti_sysbios_knl_Clock_Module__state__V                      
20002578  ti_sysbios_BIOS_Module__state__V                           
2000259c  ti_sysbios_knl_Clock_Object__table__V                      
200025bc  ti_sysbios_gates_GateMutex_Object__table__V                
200025d8  ti_sysbios_knl_Swi_Module__state__V                        
2000260c  ti_sysbios_family_arm_m3_Hwi_Object__table__V              
20002648  xdc_runtime_HeapMin_Object__table__V                       
20002658  lastAppOpcodeSent                                          
2000265c  pfnBMAlloc                                                 
20002660  pfnBMFree                                                  
20002678  _lock                                                      
2000267c  _unlock                                                    
20002690  ti_sysbios_family_arm_cc26xx_Timer_Module__state__V        
20002698  ti_sysbios_family_arm_m3_Hwi_Module__root__V               
200026a0  ti_sysbios_gates_GateHwi_Module__root__V                   
200026a8  ti_sysbios_gates_GateMutex_Module__root__V                 
200026b0  ti_sysbios_hal_Hwi_Module__root__V                         
200026b8  ti_sysbios_knl_Clock_Module__root__V                       
200026c0  ti_sysbios_knl_Queue_Module__root__V                       
200026c8  ti_sysbios_knl_Semaphore_Module__root__V                   
200026d0  ti_sysbios_knl_Swi_Module__root__V                         
200026d8  ti_sysbios_knl_Task_Module__root__V                        
200026e0  xdc_runtime_HeapMin_Module__root__V                        
200026e8  xdc_runtime_Startup_Module__state__V                       
200026f0  xdc_runtime_System_Module__state__V                        
200026f8  appAssertCback                                             
200026fc  main_func_sp                                               
20002708  ti_sysbios_family_arm_m3_Hwi_Module_State_0_excContext__A  
2000270c  ti_sysbios_family_arm_m3_Hwi_Module_State_0_excStack__A    
20002710  ti_sysbios_gates_GateHwi_Object__table__V                  
20002714  ti_sysbios_knl_Task_Module_State_0_idleTask__A             
20002718  xdc_runtime_Memory_Module__state__V                        
20002734  ti_sysbios_family_arm_m3_Hwi_Module_State_0_excActive__A   
20002738  xdc_runtime_HeapMin_Instance_State_0_buf__A                
20002dbc  trngCC26XXObjects                                          
20002dc0  ti_sysbios_knl_Task_Instance_State_0_stack__A              
20002fc0  spiCC26XXDMAObjects                                        
20003178  PIN_NumPins                                                
2000320c  PIN_HandleTable                                            
20003398  i2cCC26xxObjects                                           
20003478  ti_sysbios_family_arm_m3_Hwi_dispatchTable                 
200035b8  udmaObjects                                                
20003629  driverlib_release_0_47020                                  
2000362a  heapStart                                                  
20004200  __stack                                                    
20004200  heapEnd                                                    
20004400  __STACK_END                                                
20004400  __STACK_TOP                                                
20004f2c  A4_rw                                                      
20004f2c  COMMON_RAM_BASE_ADDR                                       
20004f40  P2_rw                                                      
20004f40  P2_s0                                                      
20004f40  eccRom_windowSize                                          
20004f44  eccRom_workzone                                            
20004f48  eccRom_param_p                                             
20004f4c  eccRom_param_r                                             
20004f50  eccRom_param_a                                             
20004f54  inScalar                                                   
20004f58  inPointX                                                   
20004f5c  inPointY                                                   
20004f60  outPointX                                                  
20004f64  outPointY                                                  
20004f68  SCAL                                                       
20004f6c  EXPX                                                       
20004f70  EXPY                                                       
20004f74  EXPZ                                                       
20004f78  EXPW                                                       
20004f7c  ACCX                                                       
20004f80  ACCY                                                       
20004f84  ACCZ                                                       
20004f88  TMP1                                                       
20004f8c  TMP2                                                       
20004f90  TMP3                                                       
20004f94  TMP4                                                       
20004f98  TMP5                                                       
20004f9c  TMP6                                                       
20004fa0  eccRom_param_Gx                                            
20004fa4  eccRom_param_Gy                                            
20004fa8  eccRom_param_b                                             
20004fac  P2_zi                                                      
20004fac  ratChanInfo                                                
20004fcc  fwInfoCmd                                                  
20004fd8  MSBMOD                                                     
20004fdc  aux64                                                      
20004fe4  MOD                                                        
20004fe8  LEN                                                        
20004ffc  pSspAesEncrypt_Sw                                          
e000e000  ti_sysbios_family_arm_m3_Hwi_nvic                          
ffffffff  __TI_pprof_out_hndl                                        
ffffffff  __TI_prof_data_size                                        
ffffffff  __TI_prof_data_start                                       
ffffffff  __binit__                                                  
ffffffff  __c_args__                                                 
ffffffff  binit                                                      
UNDEFED   SHT$$INIT_ARRAY$$Base                                      
UNDEFED   SHT$$INIT_ARRAY$$Limit                                     

[916 symbols]
